Archive member included to satisfy reference by file (symbol)

c:/st/stm32cubeide_1.5.1/stm32cubeide/plugins/com.st.stm32cube.ide.mcu.externaltools.gnu-tools-for-stm32.9-2020-q2-update.win32_1.5.0.202011040924/tools/bin/../lib/gcc/arm-none-eabi/9.3.1/../../../../arm-none-eabi/lib/thumb/v6-m/nofp\libc_nano.a(lib_a-errno.o)
                              Core/Src/syscalls.o (__errno)
c:/st/stm32cubeide_1.5.1/stm32cubeide/plugins/com.st.stm32cube.ide.mcu.externaltools.gnu-tools-for-stm32.9-2020-q2-update.win32_1.5.0.202011040924/tools/bin/../lib/gcc/arm-none-eabi/9.3.1/../../../../arm-none-eabi/lib/thumb/v6-m/nofp\libc_nano.a(lib_a-exit.o)
                              c:/st/stm32cubeide_1.5.1/stm32cubeide/plugins/com.st.stm32cube.ide.mcu.externaltools.gnu-tools-for-stm32.9-2020-q2-update.win32_1.5.0.202011040924/tools/bin/../lib/gcc/arm-none-eabi/9.3.1/../../../../arm-none-eabi/lib/thumb/v6-m/nofp/crt0.o (exit)
c:/st/stm32cubeide_1.5.1/stm32cubeide/plugins/com.st.stm32cube.ide.mcu.externaltools.gnu-tools-for-stm32.9-2020-q2-update.win32_1.5.0.202011040924/tools/bin/../lib/gcc/arm-none-eabi/9.3.1/../../../../arm-none-eabi/lib/thumb/v6-m/nofp\libc_nano.a(lib_a-impure.o)
                              c:/st/stm32cubeide_1.5.1/stm32cubeide/plugins/com.st.stm32cube.ide.mcu.externaltools.gnu-tools-for-stm32.9-2020-q2-update.win32_1.5.0.202011040924/tools/bin/../lib/gcc/arm-none-eabi/9.3.1/../../../../arm-none-eabi/lib/thumb/v6-m/nofp\libc_nano.a(lib_a-exit.o) (_global_impure_ptr)
c:/st/stm32cubeide_1.5.1/stm32cubeide/plugins/com.st.stm32cube.ide.mcu.externaltools.gnu-tools-for-stm32.9-2020-q2-update.win32_1.5.0.202011040924/tools/bin/../lib/gcc/arm-none-eabi/9.3.1/../../../../arm-none-eabi/lib/thumb/v6-m/nofp\libc_nano.a(lib_a-init.o)
                              c:/st/stm32cubeide_1.5.1/stm32cubeide/plugins/com.st.stm32cube.ide.mcu.externaltools.gnu-tools-for-stm32.9-2020-q2-update.win32_1.5.0.202011040924/tools/bin/../lib/gcc/arm-none-eabi/9.3.1/../../../../arm-none-eabi/lib/thumb/v6-m/nofp/crt0.o (__libc_init_array)
c:/st/stm32cubeide_1.5.1/stm32cubeide/plugins/com.st.stm32cube.ide.mcu.externaltools.gnu-tools-for-stm32.9-2020-q2-update.win32_1.5.0.202011040924/tools/bin/../lib/gcc/arm-none-eabi/9.3.1/../../../../arm-none-eabi/lib/thumb/v6-m/nofp\libc_nano.a(lib_a-memcpy-stub.o)
                              Middlewares/Third_Party/FatFs/src/ff.o (memcpy)
c:/st/stm32cubeide_1.5.1/stm32cubeide/plugins/com.st.stm32cube.ide.mcu.externaltools.gnu-tools-for-stm32.9-2020-q2-update.win32_1.5.0.202011040924/tools/bin/../lib/gcc/arm-none-eabi/9.3.1/../../../../arm-none-eabi/lib/thumb/v6-m/nofp\libc_nano.a(lib_a-memset.o)
                              c:/st/stm32cubeide_1.5.1/stm32cubeide/plugins/com.st.stm32cube.ide.mcu.externaltools.gnu-tools-for-stm32.9-2020-q2-update.win32_1.5.0.202011040924/tools/bin/../lib/gcc/arm-none-eabi/9.3.1/../../../../arm-none-eabi/lib/thumb/v6-m/nofp/crt0.o (memset)
c:/st/stm32cubeide_1.5.1/stm32cubeide/plugins/com.st.stm32cube.ide.mcu.externaltools.gnu-tools-for-stm32.9-2020-q2-update.win32_1.5.0.202011040924/tools/bin/../lib/gcc/arm-none-eabi/9.3.1/../../../../arm-none-eabi/lib/thumb/v6-m/nofp\libc_nano.a(lib_a-strlen.o)
                              Core/Src/ILI9488.o (strlen)
c:/st/stm32cubeide_1.5.1/stm32cubeide/plugins/com.st.stm32cube.ide.mcu.externaltools.gnu-tools-for-stm32.9-2020-q2-update.win32_1.5.0.202011040924/tools/bin/../lib/gcc/arm-none-eabi/9.3.1/thumb/v6-m/nofp\libgcc.a(_udivsi3.o)
                              Core/Src/TS_XPT2026.o (__aeabi_uidiv)
c:/st/stm32cubeide_1.5.1/stm32cubeide/plugins/com.st.stm32cube.ide.mcu.externaltools.gnu-tools-for-stm32.9-2020-q2-update.win32_1.5.0.202011040924/tools/bin/../lib/gcc/arm-none-eabi/9.3.1/thumb/v6-m/nofp\libgcc.a(_divsi3.o)
                              Core/Src/main.o (__aeabi_idiv)
c:/st/stm32cubeide_1.5.1/stm32cubeide/plugins/com.st.stm32cube.ide.mcu.externaltools.gnu-tools-for-stm32.9-2020-q2-update.win32_1.5.0.202011040924/tools/bin/../lib/gcc/arm-none-eabi/9.3.1/thumb/v6-m/nofp\libgcc.a(_dvmd_tls.o)
                              c:/st/stm32cubeide_1.5.1/stm32cubeide/plugins/com.st.stm32cube.ide.mcu.externaltools.gnu-tools-for-stm32.9-2020-q2-update.win32_1.5.0.202011040924/tools/bin/../lib/gcc/arm-none-eabi/9.3.1/thumb/v6-m/nofp\libgcc.a(_udivsi3.o) (__aeabi_idiv0)
c:/st/stm32cubeide_1.5.1/stm32cubeide/plugins/com.st.stm32cube.ide.mcu.externaltools.gnu-tools-for-stm32.9-2020-q2-update.win32_1.5.0.202011040924/tools/bin/../lib/gcc/arm-none-eabi/9.3.1/thumb/v6-m/nofp\libgcc.a(_fixunsdfsi.o)
                              Core/Src/main.o (__aeabi_d2uiz)
c:/st/stm32cubeide_1.5.1/stm32cubeide/plugins/com.st.stm32cube.ide.mcu.externaltools.gnu-tools-for-stm32.9-2020-q2-update.win32_1.5.0.202011040924/tools/bin/../lib/gcc/arm-none-eabi/9.3.1/thumb/v6-m/nofp\libgcc.a(adddf3.o)
                              Core/Src/main.o (__aeabi_dadd)
[...]
Memory Configuration

Name             Origin             Length             Attributes
RAM              0x0000000020000000 0x0000000000002000 xrw
FLASH            0x0000000008000000 0x0000000000010000 xr
*default*        0x0000000000000000 0xffffffffffffffff

Linker script and memory map

LOAD c:/st/stm32cubeide_1.5.1/stm32cubeide/plugins/com.st.stm32cube.ide.mcu.externaltools.gnu-tools-for-stm32.9-2020-q2-update.win32_1.5.0.202011040924/tools/bin/../lib/gcc/arm-none-eabi/9.3.1/thumb/v6-m/nofp/crti.o
LOAD c:/st/stm32cubeide_1.5.1/stm32cubeide/plugins/com.st.stm32cube.ide.mcu.externaltools.gnu-tools-for-stm32.9-2020-q2-update.win32_1.5.0.202011040924/tools/bin/../lib/gcc/arm-none-eabi/9.3.1/thumb/v6-m/nofp/crtbegin.o
LOAD c:/st/stm32cubeide_1.5.1/stm32cubeide/plugins/com.st.stm32cube.ide.mcu.externaltools.gnu-tools-for-stm32.9-2020-q2-update.win32_1.5.0.202011040924/tools/bin/../lib/gcc/arm-none-eabi/9.3.1/../../../../arm-none-eabi/lib/thumb/v6-m/nofp/crt0.o
LOAD Core/Src/ILI9488.o
LOAD Core/Src/TS_XPT2026.o
LOAD Core/Src/fatfs_sd.o
LOAD Core/Src/main.o
LOAD Core/Src/stm32f0xx_hal_msp.o
LOAD Core/Src/stm32f0xx_it.o
LOAD Core/Src/syscalls.o
LOAD Core/Src/sysmem.o
LOAD Core/Src/system_stm32f0xx.o
LOAD Core/Src/w25qxx.o
LOAD Core/Startup/startup_stm32f030c8tx.o
LOAD Drivers/STM32F0xx_HAL_Driver/Src/stm32f0xx_hal.o
LOAD Drivers/STM32F0xx_HAL_Driver/Src/stm32f0xx_hal_cortex.o
LOAD Drivers/STM32F0xx_HAL_Driver/Src/stm32f0xx_hal_dma.o
LOAD Drivers/STM32F0xx_HAL_Driver/Src/stm32f0xx_hal_exti.o
LOAD Drivers/STM32F0xx_HAL_Driver/Src/stm32f0xx_hal_flash.o
LOAD Drivers/STM32F0xx_HAL_Driver/Src/stm32f0xx_hal_flash_ex.o
LOAD Drivers/STM32F0xx_HAL_Driver/Src/stm32f0xx_hal_gpio.o
LOAD Drivers/STM32F0xx_HAL_Driver/Src/stm32f0xx_hal_i2c.o
LOAD Drivers/STM32F0xx_HAL_Driver/Src/stm32f0xx_hal_i2c_ex.o
LOAD Drivers/STM32F0xx_HAL_Driver/Src/stm32f0xx_hal_pwr.o
LOAD Drivers/STM32F0xx_HAL_Driver/Src/stm32f0xx_hal_pwr_ex.o
LOAD Drivers/STM32F0xx_HAL_Driver/Src/stm32f0xx_hal_rcc.o
LOAD Drivers/STM32F0xx_HAL_Driver/Src/stm32f0xx_hal_rcc_ex.o
LOAD Drivers/STM32F0xx_HAL_Driver/Src/stm32f0xx_hal_spi.o
LOAD Drivers/STM32F0xx_HAL_Driver/Src/stm32f0xx_hal_spi_ex.o
LOAD Drivers/STM32F0xx_HAL_Driver/Src/stm32f0xx_hal_tim.o
LOAD Drivers/STM32F0xx_HAL_Driver/Src/stm32f0xx_hal_tim_ex.o
LOAD Drivers/STM32F0xx_HAL_Driver/Src/stm32f0xx_hal_uart.o
LOAD Drivers/STM32F0xx_HAL_Driver/Src/stm32f0xx_hal_uart_ex.o
LOAD FATFS/App/fatfs.o
LOAD FATFS/Target/user_diskio.o
LOAD Middlewares/Third_Party/FatFs/src/diskio.o
LOAD Middlewares/Third_Party/FatFs/src/ff.o
LOAD Middlewares/Third_Party/FatFs/src/ff_gen_drv.o
LOAD Middlewares/Third_Party/FatFs/src/option/syscall.o
START GROUP
LOAD c:/st/stm32cubeide_1.5.1/stm32cubeide/plugins/com.st.stm32cube.ide.mcu.externaltools.gnu-tools-for-stm32.9-2020-q2-update.win32_1.5.0.202011040924/tools/bin/../lib/gcc/arm-none-eabi/9.3.1/../../../../arm-none-eabi/lib/thumb/v6-m/nofp\libc_nano.a
LOAD c:/st/stm32cubeide_1.5.1/stm32cubeide/plugins/com.st.stm32cube.ide.mcu.externaltools.gnu-tools-for-stm32.9-2020-q2-update.win32_1.5.0.202011040924/tools/bin/../lib/gcc/arm-none-eabi/9.3.1/../../../../arm-none-eabi/lib/thumb/v6-m/nofp\libm.a
END GROUP
START GROUP
LOAD c:/st/stm32cubeide_1.5.1/stm32cubeide/plugins/com.st.stm32cube.ide.mcu.externaltools.gnu-tools-for-stm32.9-2020-q2-update.win32_1.5.0.202011040924/tools/bin/../lib/gcc/arm-none-eabi/9.3.1/thumb/v6-m/nofp\libgcc.a
LOAD c:/st/stm32cubeide_1.5.1/stm32cubeide/plugins/com.st.stm32cube.ide.mcu.externaltools.gnu-tools-for-stm32.9-2020-q2-update.win32_1.5.0.202011040924/tools/bin/../lib/gcc/arm-none-eabi/9.3.1/../../../../arm-none-eabi/lib/thumb/v6-m/nofp\libc_nano.a
END GROUP
START GROUP
LOAD c:/st/stm32cubeide_1.5.1/stm32cubeide/plugins/com.st.stm32cube.ide.mcu.externaltools.gnu-tools-for-stm32.9-2020-q2-update.win32_1.5.0.202011040924/tools/bin/../lib/gcc/arm-none-eabi/9.3.1/thumb/v6-m/nofp\libgcc.a
LOAD c:/st/stm32cubeide_1.5.1/stm32cubeide/plugins/com.st.stm32cube.ide.mcu.externaltools.gnu-tools-for-stm32.9-2020-q2-update.win32_1.5.0.202011040924/tools/bin/../lib/gcc/arm-none-eabi/9.3.1/../../../../arm-none-eabi/lib/thumb/v6-m/nofp\libc_nano.a
LOAD c:/st/stm32cubeide_1.5.1/stm32cubeide/plugins/com.st.stm32cube.ide.mcu.externaltools.gnu-tools-for-stm32.9-2020-q2-update.win32_1.5.0.202011040924/tools/bin/../lib/gcc/arm-none-eabi/9.3.1/../../../../arm-none-eabi/lib/thumb/v6-m/nofp\libnosys.a
END GROUP
START GROUP
LOAD c:/st/stm32cubeide_1.5.1/stm32cubeide/plugins/com.st.stm32cube.ide.mcu.externaltools.gnu-tools-for-stm32.9-2020-q2-update.win32_1.5.0.202011040924/tools/bin/../lib/gcc/arm-none-eabi/9.3.1/thumb/v6-m/nofp\libgcc.a
LOAD c:/st/stm32cubeide_1.5.1/stm32cubeide/plugins/com.st.stm32cube.ide.mcu.externaltools.gnu-tools-for-stm32.9-2020-q2-update.win32_1.5.0.202011040924/tools/bin/../lib/gcc/arm-none-eabi/9.3.1/../../../../arm-none-eabi/lib/thumb/v6-m/nofp\libc_nano.a
LOAD c:/st/stm32cubeide_1.5.1/stm32cubeide/plugins/com.st.stm32cube.ide.mcu.externaltools.gnu-tools-for-stm32.9-2020-q2-update.win32_1.5.0.202011040924/tools/bin/../lib/gcc/arm-none-eabi/9.3.1/../../../../arm-none-eabi/lib/thumb/v6-m/nofp\libnosys.a
END GROUP
LOAD c:/st/stm32cubeide_1.5.1/stm32cubeide/plugins/com.st.stm32cube.ide.mcu.externaltools.gnu-tools-for-stm32.9-2020-q2-update.win32_1.5.0.202011040924/tools/bin/../lib/gcc/arm-none-eabi/9.3.1/thumb/v6-m/nofp/crtend.o
LOAD c:/st/stm32cubeide_1.5.1/stm32cubeide/plugins/com.st.stm32cube.ide.mcu.externaltools.gnu-tools-for-stm32.9-2020-q2-update.win32_1.5.0.202011040924/tools/bin/../lib/gcc/arm-none-eabi/9.3.1/thumb/v6-m/nofp/crtn.o
                0x0000000020002000                _estack = (ORIGIN (RAM) + LENGTH (RAM))
                0x0000000000000200                _Min_Heap_Size = 0x200
                0x0000000000000400                _Min_Stack_Size = 0x400

.isr_vector     0x0000000008000000       0xc0
                0x0000000008000000                . = ALIGN (0x4)
 *(.isr_vector)
 .isr_vector    0x0000000008000000       0xc0 Core/Startup/startup_stm32f030c8tx.o
                0x0000000008000000                g_pfnVectors
                0x00000000080000c0                . = ALIGN (0x4)

.text           0x00000000080000c0     0x7f14
                0x00000000080000c0                . = ALIGN (0x4)
 *(.text)
 .text          0x00000000080000c0       0x48 c:/st/stm32cubeide_1.5.1/stm32cubeide/plugins/com.st.stm32cube.ide.mcu.externaltools.gnu-tools-for-stm32.9-2020-q2-update.win32_1.5.0.202011040924/tools/bin/../lib/gcc/arm-none-eabi/9.3.1/thumb/v6-m/nofp/crtbegin.o
 .text          0x0000000008000108        0xe c:/st/stm32cubeide_1.5.1/stm32cubeide/plugins/com.st.stm32cube.ide.mcu.externaltools.gnu-tools-for-stm32.9-2020-q2-update.win32_1.5.0.202011040924/tools/bin/../lib/gcc/arm-none-eabi/9.3.1/../../../../arm-none-eabi/lib/thumb/v6-m/nofp\libc_nano.a(lib_a-strlen.o)
                0x0000000008000108                strlen
 *fill*         0x0000000008000116        0x2 
 .text          0x0000000008000118      0x114 c:/st/stm32cubeide_1.5.1/stm32cubeide/plugins/com.st.stm32cube.ide.mcu.externaltools.gnu-tools-for-stm32.9-2020-q2-update.win32_1.5.0.202011040924/tools/bin/../lib/gcc/arm-none-eabi/9.3.1/thumb/v6-m/nofp\libgcc.a(_udivsi3.o)
                0x0000000008000118                __aeabi_uidiv
                0x0000000008000118                __udivsi3
                0x0000000008000224                __aeabi_uidivmod
 .text          0x000000000800022c        0x4 c:/st/stm32cubeide_1.5.1/stm32cubeide/plugins/com.st.stm32cube.ide.mcu.externaltools.gnu-tools-for-stm32.9-2020-q2-update.win32_1.5.0.202011040924/tools/bin/../lib/gcc/arm-none-eabi/9.3.1/thumb/v6-m/nofp\libgcc.a(_dvmd_tls.o)
                0x000000000800022c                __aeabi_idiv0
                0x000000000800022c                __aeabi_ldiv0
 .text          0x0000000008000230       0x3c c:/st/stm32cubeide_1.5.1/stm32cubeide/plugins/com.st.stm32cube.ide.mcu.externaltools.gnu-tools-for-stm32.9-2020-q2-update.win32_1.5.0.202011040924/tools/bin/../lib/gcc/arm-none-eabi/9.3.1/thumb/v6-m/nofp\libgcc.a(_fixunsdfsi.o)
                0x0000000008000230                __aeabi_d2uiz
                0x0000000008000230                __fixunsdfsi
 .text          0x000000000800026c      0x6d4 c:/st/stm32cubeide_1.5.1/stm32cubeide/plugins/com.st.stm32cube.ide.mcu.externaltools.gnu-tools-for-stm32.9-2020-q2-update.win32_1.5.0.202011040924/tools/bin/../lib/gcc/arm-none-eabi/9.3.1/thumb/v6-m/nofp\libgcc.a(adddf3.o)
                0x000000000800026c                __aeabi_dadd
 .text          0x0000000008000940      0x4d8 c:/st/stm32cubeide_1.5.1/stm32cubeide/plugins/com.st.stm32cube.ide.mcu.externaltools.gnu-tools-for-stm32.9-2020-q2-update.win32_1.5.0.202011040924/tools/bin/../lib/gcc/arm-none-eabi/9.3.1/thumb/v6-m/nofp\libgcc.a(muldf3.o)
                0x0000000008000940                __aeabi_dmul
 .text          0x0000000008000e18      0x724 c:/st/stm32cubeide_1.5.1/stm32cubeide/plugins/com.st.stm32cube.ide.mcu.externaltools.gnu-tools-for-stm32.9-2020-q2-update.win32_1.5.0.202011040924/tools/bin/../lib/gcc/arm-none-eabi/9.3.1/thumb/v6-m/nofp\libgcc.a(subdf3.o)
                0x0000000008000e18                __aeabi_dsub
 .text          0x000000000800153c       0x6c c:/st/stm32cubeide_1.5.1/stm32cubeide/plugins/com.st.stm32cube.ide.mcu.externaltools.gnu-tools-for-stm32.9-2020-q2-update.win32_1.5.0.202011040924/tools/bin/../lib/gcc/arm-none-eabi/9.3.1/thumb/v6-m/nofp\libgcc.a(fixdfsi.o)
                0x000000000800153c                __aeabi_d2iz
 .text          0x00000000080015a8       0x60 c:/st/stm32cubeide_1.5.1/stm32cubeide/plugins/com.st.stm32cube.ide.mcu.externaltools.gnu-tools-for-stm32.9-2020-q2-update.win32_1.5.0.202011040924/tools/bin/../lib/gcc/arm-none-eabi/9.3.1/thumb/v6-m/nofp\libgcc.a(floatsidf.o)
                0x00000000080015a8                __aeabi_i2d
 .text          0x0000000008001608       0x7c c:/st/stm32cubeide_1.5.1/stm32cubeide/plugins/com.st.stm32cube.ide.mcu.externaltools.gnu-tools-for-stm32.9-2020-q2-update.win32_1.5.0.202011040924/tools/bin/../lib/gcc/arm-none-eabi/9.3.1/thumb/v6-m/nofp\libgcc.a(_arm_cmpdf2.o)
                0x0000000008001608                __aeabi_cdrcmple
                0x0000000008001618                __aeabi_cdcmple
                0x0000000008001618                __aeabi_cdcmpeq
                0x0000000008001628                __aeabi_dcmpeq
                0x0000000008001634                __aeabi_dcmplt
                0x0000000008001648                __aeabi_dcmple
                0x000000000800165c                __aeabi_dcmpgt
                0x0000000008001670                __aeabi_dcmpge
 .text          0x0000000008001684       0x3c c:/st/stm32cubeide_1.5.1/stm32cubeide/plugins/com.st.stm32cube.ide.mcu.externaltools.gnu-tools-for-stm32.9-2020-q2-update.win32_1.5.0.202011040924/tools/bin/../lib/gcc/arm-none-eabi/9.3.1/thumb/v6-m/nofp\libgcc.a(_clzsi2.o)
                0x0000000008001684                __clzsi2
 .text          0x00000000080016c0       0x78 c:/st/stm32cubeide_1.5.1/stm32cubeide/plugins/com.st.stm32cube.ide.mcu.externaltools.gnu-tools-for-stm32.9-2020-q2-update.win32_1.5.0.202011040924/tools/bin/../lib/gcc/arm-none-eabi/9.3.1/thumb/v6-m/nofp\libgcc.a(eqdf2.o)
                0x00000000080016c0                __nedf2
                0x00000000080016c0                __eqdf2
 .text          0x0000000008001738       0xe4 c:/st/stm32cubeide_1.5.1/stm32cubeide/plugins/com.st.stm32cube.ide.mcu.externaltools.gnu-tools-for-stm32.9-2020-q2-update.win32_1.5.0.202011040924/tools/bin/../lib/gcc/arm-none-eabi/9.3.1/thumb/v6-m/nofp\libgcc.a(gedf2.o)
                0x0000000008001738                __gedf2
                0x0000000008001738                __gtdf2
 .text          0x000000000800181c       0xe0 c:/st/stm32cubeide_1.5.1/stm32cubeide/plugins/com.st.stm32cube.ide.mcu.externaltools.gnu-tools-for-stm32.9-2020-q2-update.win32_1.5.0.202011040924/tools/bin/../lib/gcc/arm-none-eabi/9.3.1/thumb/v6-m/nofp\libgcc.a(ledf2.o)
                0x000000000800181c                __ledf2
                0x000000000800181c                __ltdf2
 *(.text*)
 .text.output_D0_D15_port
                0x00000000080018fc        0xc Core/Src/ILI9488.o
 .text.WritePulse
                0x0000000008001908       0x20 Core/Src/ILI9488.o
 .text.LCD_ILI9488_init
                0x0000000008001928      0x62c Core/Src/ILI9488.o
                0x0000000008001928                LCD_ILI9488_init
 .text.Command_2A
                0x0000000008001f54       0x80 Core/Src/ILI9488.o
                0x0000000008001f54                Command_2A
 .text.Command_2B
                0x0000000008001fd4       0x80 Core/Src/ILI9488.o
                0x0000000008001fd4                Command_2B
 .text.LCD_ILI9488_raw_datafeed_start
                0x0000000008002054       0x54 Core/Src/ILI9488.o
                0x0000000008002054                LCD_ILI9488_raw_datafeed_start
 .text.LCD_ILI9488_raw_datafeed_end
                0x00000000080020a8        0xc Core/Src/ILI9488.o
                0x00000000080020a8                LCD_ILI9488_raw_datafeed_end
 .text.LCD_Font
                0x00000000080020b4      0x230 Core/Src/ILI9488.o
                0x00000000080020b4                LCD_Font
 .text.XPT2046  0x00000000080022e4       0xb0 Core/Src/TS_XPT2026.o
                0x00000000080022e4                XPT2046
 .text.TS_KOR_XY_OKU
                0x0000000008002394       0x64 Core/Src/TS_XPT2026.o
                0x0000000008002394                TS_KOR_XY_OKU
 .text.SD_PowerOn
                0x00000000080023f8      0x110 Core/Src/fatfs_sd.o
 .text.SD_RxDataBlock
                0x0000000008002508      0x140 Core/Src/fatfs_sd.o
 .text.SD_TxDataBlock
                0x0000000008002648      0x1e0 Core/Src/fatfs_sd.o
 .text.SD_SendCmd
                0x0000000008002828      0x1d4 Core/Src/fatfs_sd.o
 .text.SD_disk_initialize
                0x00000000080029fc      0x240 Core/Src/fatfs_sd.o
                0x00000000080029fc                SD_disk_initialize
 .text.SD_disk_status
                0x0000000008002c3c       0x14 Core/Src/fatfs_sd.o
                0x0000000008002c3c                SD_disk_status
 .text.SD_disk_read
                0x0000000008002c50      0x1fc Core/Src/fatfs_sd.o
                0x0000000008002c50                SD_disk_read
 .text.SD_disk_write
                0x0000000008002e4c      0x1b8 Core/Src/fatfs_sd.o
                0x0000000008002e4c                SD_disk_write
 .text.SD_disk_ioctl
                0x0000000008003004      0x278 Core/Src/fatfs_sd.o
                0x0000000008003004                SD_disk_ioctl
 .text.SD_TO_W25Q.7774
                0x000000000800327c      0x154 Core/Src/main.o
 .text.SystemClock_Config
                0x00000000080033d0       0x70 Core/Src/main.o
                0x00000000080033d0                SystemClock_Config
 .text.MX_SPI1_Init
                0x0000000008003440       0x44 Core/Src/main.o
                0x0000000008003440                MX_SPI1_Init
 .text.startup.main
                0x0000000008003484      0x46c Core/Src/main.o
                0x0000000008003484                main
 .text.HAL_GPIO_EXTI_Callback
                0x00000000080038f0        0xc Core/Src/main.o
                0x00000000080038f0                HAL_GPIO_EXTI_Callback
 .text.Error_Handler
                0x00000000080038fc        0x4 Core/Src/main.o
                0x00000000080038fc                Error_Handler
 .text.HAL_MspInit
                0x0000000008003900       0x48 Core/Src/stm32f0xx_hal_msp.o
                0x0000000008003900                HAL_MspInit
 .text.HAL_SPI_MspInit
                0x0000000008003948       0x7c Core/Src/stm32f0xx_hal_msp.o
                0x0000000008003948                HAL_SPI_MspInit
 .text.HAL_UART_MspInit
                0x00000000080039c4       0xb4 Core/Src/stm32f0xx_hal_msp.o
                0x00000000080039c4                HAL_UART_MspInit
 .text.NMI_Handler
                0x0000000008003a78        0x4 Core/Src/stm32f0xx_it.o
                0x0000000008003a78                NMI_Handler
 .text.HardFault_Handler
                0x0000000008003a7c        0x4 Core/Src/stm32f0xx_it.o
                0x0000000008003a7c                HardFault_Handler
 .text.SVC_Handler
                0x0000000008003a80        0x4 Core/Src/stm32f0xx_it.o
                0x0000000008003a80                SVC_Handler
 .text.PendSV_Handler
                0x0000000008003a84        0x4 Core/Src/stm32f0xx_it.o
                0x0000000008003a84                PendSV_Handler
 .text.SysTick_Handler
                0x0000000008003a88       0x4c Core/Src/stm32f0xx_it.o
                0x0000000008003a88                SysTick_Handler
 .text.EXTI4_15_IRQHandler
                0x0000000008003ad4        0xc Core/Src/stm32f0xx_it.o
                0x0000000008003ad4                EXTI4_15_IRQHandler
 .text.DMA1_Channel4_5_IRQHandler
                0x0000000008003ae0       0x10 Core/Src/stm32f0xx_it.o
                0x0000000008003ae0                DMA1_Channel4_5_IRQHandler
 .text.SPI1_IRQHandler
                0x0000000008003af0       0x10 Core/Src/stm32f0xx_it.o
                0x0000000008003af0                SPI1_IRQHandler
 .text.SystemInit
                0x0000000008003b00        0x4 Core/Src/system_stm32f0xx.o
                0x0000000008003b00                SystemInit
 .text.W25qxx_ReadID
                0x0000000008003b04       0xa8 Core/Src/w25qxx.o
                0x0000000008003b04                W25qxx_ReadID
 .text.W25qxx_ReadUniqID
                0x0000000008003bac       0xa4 Core/Src/w25qxx.o
                0x0000000008003bac                W25qxx_ReadUniqID
 .text.W25qxx_WaitForWriteEnd
                0x0000000008003c50       0x90 Core/Src/w25qxx.o
                0x0000000008003c50                W25qxx_WaitForWriteEnd
 .text.W25qxx_Init
                0x0000000008003ce0      0x158 Core/Src/w25qxx.o
                0x0000000008003ce0                W25qxx_Init
 .text.W25qxx_EraseSector
                0x0000000008003e38      0x11c Core/Src/w25qxx.o
                0x0000000008003e38                W25qxx_EraseSector
 .text.W25qxx_WritePage
                0x0000000008003f54      0x158 Core/Src/w25qxx.o
                0x0000000008003f54                W25qxx_WritePage
 .text.W25qxx_ReadBytes
                0x00000000080040ac      0x104 Core/Src/w25qxx.o
                0x00000000080040ac                W25qxx_ReadBytes
 .text.Reset_Handler
                0x00000000080041b0       0x50 Core/Startup/startup_stm32f030c8tx.o
                0x00000000080041b0                Reset_Handler
 .text.Default_Handler
                0x0000000008004200        0x2 Core/Startup/startup_stm32f030c8tx.o
                0x0000000008004200                TIM1_CC_IRQHandler
                0x0000000008004200                TIM6_IRQHandler
                0x0000000008004200                I2C1_IRQHandler
                0x0000000008004200                EXTI2_3_IRQHandler
                0x0000000008004200                ADC1_IRQHandler
                0x0000000008004200                I2C2_IRQHandler
                0x0000000008004200                TIM17_IRQHandler
                0x0000000008004200                RTC_IRQHandler
                0x0000000008004200                TIM16_IRQHandler
                0x0000000008004200                TIM3_IRQHandler
                0x0000000008004200                RCC_IRQHandler
                0x0000000008004200                DMA1_Channel1_IRQHandler
                0x0000000008004200                Default_Handler
                0x0000000008004200                TIM14_IRQHandler
                0x0000000008004200                TIM15_IRQHandler
                0x0000000008004200                EXTI0_1_IRQHandler
                0x0000000008004200                SPI2_IRQHandler
                0x0000000008004200                WWDG_IRQHandler
                0x0000000008004200                DMA1_Channel2_3_IRQHandler
                0x0000000008004200                USART2_IRQHandler
                0x0000000008004200                FLASH_IRQHandler
                0x0000000008004200                USART1_IRQHandler
                0x0000000008004200                TIM1_BRK_UP_TRG_COM_IRQHandler
 *fill*         0x0000000008004202        0x2 
 .text.HAL_InitTick
                0x0000000008004204       0x4c Drivers/STM32F0xx_HAL_Driver/Src/stm32f0xx_hal.o
                0x0000000008004204                HAL_InitTick
 .text.HAL_Init
                0x0000000008004250       0x20 Drivers/STM32F0xx_HAL_Driver/Src/stm32f0xx_hal.o
                0x0000000008004250                HAL_Init
 .text.HAL_IncTick
                0x0000000008004270       0x18 Drivers/STM32F0xx_HAL_Driver/Src/stm32f0xx_hal.o
                0x0000000008004270                HAL_IncTick
 .text.HAL_GetTick
                0x0000000008004288        0xc Drivers/STM32F0xx_HAL_Driver/Src/stm32f0xx_hal.o
                0x0000000008004288                HAL_GetTick
 .text.HAL_Delay
                0x0000000008004294       0x24 Drivers/STM32F0xx_HAL_Driver/Src/stm32f0xx_hal.o
                0x0000000008004294                HAL_Delay
 .text.HAL_NVIC_SetPriority
                0x00000000080042b8       0x64 Drivers/STM32F0xx_HAL_Driver/Src/stm32f0xx_hal_cortex.o
                0x00000000080042b8                HAL_NVIC_SetPriority
 .text.HAL_NVIC_EnableIRQ
                0x000000000800431c       0x18 Drivers/STM32F0xx_HAL_Driver/Src/stm32f0xx_hal_cortex.o
                0x000000000800431c                HAL_NVIC_EnableIRQ
 .text.HAL_SYSTICK_Config
                0x0000000008004334       0x34 Drivers/STM32F0xx_HAL_Driver/Src/stm32f0xx_hal_cortex.o
                0x0000000008004334                HAL_SYSTICK_Config
 .text.HAL_DMA_Init
                0x0000000008004368       0x68 Drivers/STM32F0xx_HAL_Driver/Src/stm32f0xx_hal_dma.o
                0x0000000008004368                HAL_DMA_Init
 .text.HAL_DMA_Abort_IT
                0x00000000080043d0       0x48 Drivers/STM32F0xx_HAL_Driver/Src/stm32f0xx_hal_dma.o
                0x00000000080043d0                HAL_DMA_Abort_IT
 .text.HAL_DMA_IRQHandler
                0x0000000008004418       0x9c Drivers/STM32F0xx_HAL_Driver/Src/stm32f0xx_hal_dma.o
                0x0000000008004418                HAL_DMA_IRQHandler
 .text.HAL_GPIO_Init
                0x00000000080044b4      0x1ec Drivers/STM32F0xx_HAL_Driver/Src/stm32f0xx_hal_gpio.o
                0x00000000080044b4                HAL_GPIO_Init
 .text.HAL_GPIO_ReadPin
                0x00000000080046a0        0xc Drivers/STM32F0xx_HAL_Driver/Src/stm32f0xx_hal_gpio.o
                0x00000000080046a0                HAL_GPIO_ReadPin
 .text.HAL_GPIO_WritePin
                0x00000000080046ac        0xc Drivers/STM32F0xx_HAL_Driver/Src/stm32f0xx_hal_gpio.o
                0x00000000080046ac                HAL_GPIO_WritePin
 .text.HAL_GPIO_EXTI_IRQHandler
                0x00000000080046b8       0x18 Drivers/STM32F0xx_HAL_Driver/Src/stm32f0xx_hal_gpio.o
                0x00000000080046b8                HAL_GPIO_EXTI_IRQHandler
 .text.HAL_RCC_OscConfig
                0x00000000080046d0      0x4b4 Drivers/STM32F0xx_HAL_Driver/Src/stm32f0xx_hal_rcc.o
                0x00000000080046d0                HAL_RCC_OscConfig
 .text.HAL_RCC_ClockConfig
                0x0000000008004b84      0x17c Drivers/STM32F0xx_HAL_Driver/Src/stm32f0xx_hal_rcc.o
                0x0000000008004b84                HAL_RCC_ClockConfig
 .text.HAL_RCC_GetSysClockFreq
                0x0000000008004d00       0x70 Drivers/STM32F0xx_HAL_Driver/Src/stm32f0xx_hal_rcc.o
                0x0000000008004d00                HAL_RCC_GetSysClockFreq
 .text.HAL_RCC_GetPCLK1Freq
                0x0000000008004d70       0x20 Drivers/STM32F0xx_HAL_Driver/Src/stm32f0xx_hal_rcc.o
                0x0000000008004d70                HAL_RCC_GetPCLK1Freq
 .text.HAL_RCCEx_PeriphCLKConfig
                0x0000000008004d90      0x12c Drivers/STM32F0xx_HAL_Driver/Src/stm32f0xx_hal_rcc_ex.o
                0x0000000008004d90                HAL_RCCEx_PeriphCLKConfig
 .text.SPI_EndRxTxTransaction
                0x0000000008004ebc       0xe4 Drivers/STM32F0xx_HAL_Driver/Src/stm32f0xx_hal_spi.o
 .text.HAL_SPI_Init
                0x0000000008004fa0       0xe0 Drivers/STM32F0xx_HAL_Driver/Src/stm32f0xx_hal_spi.o
                0x0000000008004fa0                HAL_SPI_Init
 .text.HAL_SPI_Transmit
                0x0000000008005080      0x230 Drivers/STM32F0xx_HAL_Driver/Src/stm32f0xx_hal_spi.o
                0x0000000008005080                HAL_SPI_Transmit
 .text.HAL_SPI_TransmitReceive
                0x00000000080052b0      0x310 Drivers/STM32F0xx_HAL_Driver/Src/stm32f0xx_hal_spi.o
                0x00000000080052b0                HAL_SPI_TransmitReceive
 .text.HAL_SPI_Receive
                0x00000000080055c0      0x2e8 Drivers/STM32F0xx_HAL_Driver/Src/stm32f0xx_hal_spi.o
                0x00000000080055c0                HAL_SPI_Receive
 .text.HAL_SPI_ErrorCallback
                0x00000000080058a8        0x4 Drivers/STM32F0xx_HAL_Driver/Src/stm32f0xx_hal_spi.o
                0x00000000080058a8                HAL_SPI_ErrorCallback
 .text.HAL_SPI_IRQHandler
                0x00000000080058ac      0x15c Drivers/STM32F0xx_HAL_Driver/Src/stm32f0xx_hal_spi.o
                0x00000000080058ac                HAL_SPI_IRQHandler
 .text.SPI_DMAAbortOnError
                0x0000000008005a08       0x14 Drivers/STM32F0xx_HAL_Driver/Src/stm32f0xx_hal_spi.o
 .text.HAL_SPI_GetState
                0x0000000008005a1c        0x8 Drivers/STM32F0xx_HAL_Driver/Src/stm32f0xx_hal_spi.o
                0x0000000008005a1c                HAL_SPI_GetState
 .text.UART_AdvFeatureConfig
                0x0000000008005a24       0xd0 Drivers/STM32F0xx_HAL_Driver/Src/stm32f0xx_hal_uart.o
                0x0000000008005a24                UART_AdvFeatureConfig
 .text.UART_CheckIdleState
                0x0000000008005af4       0xe4 Drivers/STM32F0xx_HAL_Driver/Src/stm32f0xx_hal_uart.o
                0x0000000008005af4                UART_CheckIdleState
 .text.HAL_UART_Init
                0x0000000008005bd8      0x1c8 Drivers/STM32F0xx_HAL_Driver/Src/stm32f0xx_hal_uart.o
                0x0000000008005bd8                HAL_UART_Init
 .text.MX_FATFS_Init
                0x0000000008005da0       0x1c FATFS/App/fatfs.o
                0x0000000008005da0                MX_FATFS_Init
 .text.get_fattime
                0x0000000008005dbc        0x4 FATFS/App/fatfs.o
                0x0000000008005dbc                get_fattime
 .text.USER_initialize
                0x0000000008005dc0        0xc FATFS/Target/user_diskio.o
                0x0000000008005dc0                USER_initialize
 .text.USER_status
                0x0000000008005dcc        0xc FATFS/Target/user_diskio.o
                0x0000000008005dcc                USER_status
 .text.USER_read
                0x0000000008005dd8        0xc FATFS/Target/user_diskio.o
                0x0000000008005dd8                USER_read
 .text.USER_write
                0x0000000008005de4        0xc FATFS/Target/user_diskio.o
                0x0000000008005de4                USER_write
 .text.USER_ioctl
                0x0000000008005df0        0xc FATFS/Target/user_diskio.o
                0x0000000008005df0                USER_ioctl
 .text.disk_status
                0x0000000008005dfc       0x1c Middlewares/Third_Party/FatFs/src/diskio.o
                0x0000000008005dfc                disk_status
 .text.disk_initialize
                0x0000000008005e18       0x28 Middlewares/Third_Party/FatFs/src/diskio.o
                0x0000000008005e18                disk_initialize
 .text.disk_read
                0x0000000008005e40       0x1c Middlewares/Third_Party/FatFs/src/diskio.o
                0x0000000008005e40                disk_read
 .text.disk_write
                0x0000000008005e5c       0x1c Middlewares/Third_Party/FatFs/src/diskio.o
                0x0000000008005e5c                disk_write
 .text.disk_ioctl
                0x0000000008005e78       0x1c Middlewares/Third_Party/FatFs/src/diskio.o
                0x0000000008005e78                disk_ioctl
 .text.move_window.part.0
                0x0000000008005e94       0xa0 Middlewares/Third_Party/FatFs/src/ff.o
 .text.get_fat.part.0
                0x0000000008005f34       0xf4 Middlewares/Third_Party/FatFs/src/ff.o
 .text.f_read.part.0
                0x0000000008006028      0x2b4 Middlewares/Third_Party/FatFs/src/ff.o
 .text.put_fat.part.0
                0x00000000080062dc      0x148 Middlewares/Third_Party/FatFs/src/ff.o
 .text.sync_fs  0x0000000008006424       0xf4 Middlewares/Third_Party/FatFs/src/ff.o
 .text.check_fs
                0x0000000008006518       0x94 Middlewares/Third_Party/FatFs/src/ff.o
 .text.find_volume
                0x00000000080065ac      0x464 Middlewares/Third_Party/FatFs/src/ff.o
 .text.create_chain
                0x0000000008006a10      0x204 Middlewares/Third_Party/FatFs/src/ff.o
 .text.dir_sdi  0x0000000008006c14      0x1dc Middlewares/Third_Party/FatFs/src/ff.o
 .text.follow_path
                0x0000000008006df0      0x3d0 Middlewares/Third_Party/FatFs/src/ff.o
 .text.remove_chain.part.0
                0x00000000080071c0      0x2b4 Middlewares/Third_Party/FatFs/src/ff.o
 .text.dir_register
                0x0000000008007474      0x410 Middlewares/Third_Party/FatFs/src/ff.o
 .text.f_mount  0x0000000008007884       0x98 Middlewares/Third_Party/FatFs/src/ff.o
                0x0000000008007884                f_mount
 .text.f_open   0x000000000800791c      0x404 Middlewares/Third_Party/FatFs/src/ff.o
                0x000000000800791c                f_open
 .text.f_read   0x0000000008007d20       0x78 Middlewares/Third_Party/FatFs/src/ff.o
                0x0000000008007d20                f_read
 .text.f_close  0x0000000008007d98      0x188 Middlewares/Third_Party/FatFs/src/ff.o
                0x0000000008007d98                f_close
 .text.FATFS_LinkDriver
                0x0000000008007f20       0x44 Middlewares/Third_Party/FatFs/src/ff_gen_drv.o
                0x0000000008007f20                FATFS_LinkDriver
 .text.__libc_init_array
                0x0000000008007f64       0x48 c:/st/stm32cubeide_1.5.1/stm32cubeide/plugins/com.st.stm32cube.ide.mcu.externaltools.gnu-tools-for-stm32.9-2020-q2-update.win32_1.5.0.202011040924/tools/bin/../lib/gcc/arm-none-eabi/9.3.1/../../../../arm-none-eabi/lib/thumb/v6-m/nofp\libc_nano.a(lib_a-init.o)
                0x0000000008007f64                __libc_init_array
 .text.memset   0x0000000008007fac       0x10 c:/st/stm32cubeide_1.5.1/stm32cubeide/plugins/com.st.stm32cube.ide.mcu.externaltools.gnu-tools-for-stm32.9-2020-q2-update.win32_1.5.0.202011040924/tools/bin/../lib/gcc/arm-none-eabi/9.3.1/../../../../arm-none-eabi/lib/thumb/v6-m/nofp\libc_nano.a(lib_a-memset.o)
                0x0000000008007fac                memset
 *(.glue_7)
 .glue_7        0x0000000008007fbc        0x0 linker stubs
 *(.glue_7t)
 .glue_7t       0x0000000008007fbc        0x0 linker stubs
 *(.eh_frame)
 .eh_frame      0x0000000008007fbc        0x0 c:/st/stm32cubeide_1.5.1/stm32cubeide/plugins/com.st.stm32cube.ide.mcu.externaltools.gnu-tools-for-stm32.9-2020-q2-update.win32_1.5.0.202011040924/tools/bin/../lib/gcc/arm-none-eabi/9.3.1/thumb/v6-m/nofp/crtbegin.o
 *(.init)
 .init          0x0000000008007fbc        0x4 c:/st/stm32cubeide_1.5.1/stm32cubeide/plugins/com.st.stm32cube.ide.mcu.externaltools.gnu-tools-for-stm32.9-2020-q2-update.win32_1.5.0.202011040924/tools/bin/../lib/gcc/arm-none-eabi/9.3.1/thumb/v6-m/nofp/crti.o
                0x0000000008007fbc                _init
 .init          0x0000000008007fc0        0x8 c:/st/stm32cubeide_1.5.1/stm32cubeide/plugins/com.st.stm32cube.ide.mcu.externaltools.gnu-tools-for-stm32.9-2020-q2-update.win32_1.5.0.202011040924/tools/bin/../lib/gcc/arm-none-eabi/9.3.1/thumb/v6-m/nofp/crtn.o
 *(.fini)
 .fini          0x0000000008007fc8        0x4 c:/st/stm32cubeide_1.5.1/stm32cubeide/plugins/com.st.stm32cube.ide.mcu.externaltools.gnu-tools-for-stm32.9-2020-q2-update.win32_1.5.0.202011040924/tools/bin/../lib/gcc/arm-none-eabi/9.3.1/thumb/v6-m/nofp/crti.o
                0x0000000008007fc8                _fini
 .fini          0x0000000008007fcc        0x8 c:/st/stm32cubeide_1.5.1/stm32cubeide/plugins/com.st.stm32cube.ide.mcu.externaltools.gnu-tools-for-stm32.9-2020-q2-update.win32_1.5.0.202011040924/tools/bin/../lib/gcc/arm-none-eabi/9.3.1/thumb/v6-m/nofp/crtn.o
                0x0000000008007fd4                . = ALIGN (0x4)
                0x0000000008007fd4                _etext = .

.vfp11_veneer   0x0000000008007fd4        0x0
 .vfp11_veneer  0x0000000008007fd4        0x0 linker stubs

.v4_bx          0x0000000008007fd4        0x0
 .v4_bx         0x0000000008007fd4        0x0 linker stubs

.iplt           0x0000000008007fd4        0x0
 .iplt          0x0000000008007fd4        0x0 c:/st/stm32cubeide_1.5.1/stm32cubeide/plugins/com.st.stm32cube.ide.mcu.externaltools.gnu-tools-for-stm32.9-2020-q2-update.win32_1.5.0.202011040924/tools/bin/../lib/gcc/arm-none-eabi/9.3.1/thumb/v6-m/nofp/crtbegin.o

.rodata         0x0000000008007fd4      0xa24
                0x0000000008007fd4                . = ALIGN (0x4)
 *(.rodata)
 .rodata        0x0000000008007fd4       0x40 c:/st/stm32cubeide_1.5.1/stm32cubeide/plugins/com.st.stm32cube.ide.mcu.externaltools.gnu-tools-for-stm32.9-2020-q2-update.win32_1.5.0.202011040924/tools/bin/../lib/gcc/arm-none-eabi/9.3.1/thumb/v6-m/nofp\libgcc.a(muldf3.o)
 *(.rodata*)
 .rodata.GammaSet
                0x0000000008008014        0xc Core/Src/ILI9488.o
 .rodata.PanelDrivingSetting
                0x0000000008008020        0xa Core/Src/ILI9488.o
 *fill*         0x000000000800802a        0x2 
 .rodata.SD_disk_ioctl
                0x000000000800802c       0x38 Core/Src/fatfs_sd.o
 .rodata.SD_TO_W25Q.7774.str1.4
                0x0000000008008064       0x53 Core/Src/main.o
 .rodata.main.str1.4
                0x00000000080080b7       0x53 Core/Src/main.o
                                          0x1 (size before relaxing)
 *fill*         0x00000000080080b7        0x1 
 .rodata.Segoe_Script21x21
                0x00000000080080b8      0x86a Core/Src/main.o
                0x00000000080080b8                Segoe_Script21x21
 *fill*         0x0000000008008922        0x2 
 .rodata.AHBPrescTable
                0x0000000008008924       0x10 Core/Src/system_stm32f0xx.o
                0x0000000008008924                AHBPrescTable
 .rodata.APBPrescTable
                0x0000000008008934        0x8 Core/Src/system_stm32f0xx.o
                0x0000000008008934                APBPrescTable
 .rodata.HAL_RCC_ClockConfig.str1.4
                0x000000000800893c       0x25 Drivers/STM32F0xx_HAL_Driver/Src/stm32f0xx_hal_rcc.o
 *fill*         0x0000000008008961        0x3 
 .rodata.CSWTCH.57
                0x0000000008008964        0x3 Drivers/STM32F0xx_HAL_Driver/Src/stm32f0xx_hal_uart.o
 *fill*         0x0000000008008967        0x1 
 .rodata.follow_path.str1.4
                0x0000000008008968        0xf Middlewares/Third_Party/FatFs/src/ff.o
 *fill*         0x0000000008008977        0x1 
 .rodata.ExCvt  0x0000000008008978       0x80 Middlewares/Third_Party/FatFs/src/ff.o
                0x00000000080089f8                . = ALIGN (0x4)

.rel.dyn        0x00000000080089f8        0x0
 .rel.iplt      0x00000000080089f8        0x0 c:/st/stm32cubeide_1.5.1/stm32cubeide/plugins/com.st.stm32cube.ide.mcu.externaltools.gnu-tools-for-stm32.9-2020-q2-update.win32_1.5.0.202011040924/tools/bin/../lib/gcc/arm-none-eabi/9.3.1/thumb/v6-m/nofp/crtbegin.o

.ARM.extab      0x00000000080089f8        0x0
                0x00000000080089f8                . = ALIGN (0x4)
 *(.ARM.extab* .gnu.linkonce.armextab.*)
                0x00000000080089f8                . = ALIGN (0x4)

.ARM            0x00000000080089f8        0x0
                0x00000000080089f8                . = ALIGN (0x4)
                0x00000000080089f8                __exidx_start = .
 *(.ARM.exidx*)
                0x00000000080089f8                __exidx_end = .
                0x00000000080089f8                . = ALIGN (0x4)

.preinit_array  0x00000000080089f8        0x0
                0x00000000080089f8                . = ALIGN (0x4)
                0x00000000080089f8                PROVIDE (__preinit_array_start = .)
 *(.preinit_array*)
                0x00000000080089f8                PROVIDE (__preinit_array_end = .)
                0x00000000080089f8                . = ALIGN (0x4)

.init_array     0x00000000080089f8        0x4
                0x00000000080089f8                . = ALIGN (0x4)
                0x00000000080089f8                PROVIDE (__init_array_start = .)
 *(SORT_BY_NAME(.init_array.*))
 *(.init_array*)
 .init_array    0x00000000080089f8        0x4 c:/st/stm32cubeide_1.5.1/stm32cubeide/plugins/com.st.stm32cube.ide.mcu.externaltools.gnu-tools-for-stm32.9-2020-q2-update.win32_1.5.0.202011040924/tools/bin/../lib/gcc/arm-none-eabi/9.3.1/thumb/v6-m/nofp/crtbegin.o
                0x00000000080089fc                PROVIDE (__init_array_end = .)
                0x00000000080089fc                . = ALIGN (0x4)

.fini_array     0x00000000080089fc        0x4
                0x00000000080089fc                . = ALIGN (0x4)
                [!provide]                        PROVIDE (__fini_array_start = .)
 *(SORT_BY_NAME(.fini_array.*))
 *(.fini_array*)
 .fini_array    0x00000000080089fc        0x4 c:/st/stm32cubeide_1.5.1/stm32cubeide/plugins/com.st.stm32cube.ide.mcu.externaltools.gnu-tools-for-stm32.9-2020-q2-update.win32_1.5.0.202011040924/tools/bin/../lib/gcc/arm-none-eabi/9.3.1/thumb/v6-m/nofp/crtbegin.o
                [!provide]                        PROVIDE (__fini_array_end = .)
                0x0000000008008a00                . = ALIGN (0x4)
                0x0000000008008a00                _sidata = LOADADDR (.data)

.data           0x0000000020000000       0x24 load address 0x0000000008008a00
                0x0000000020000000                . = ALIGN (0x4)
                0x0000000020000000                _sdata = .
 *(.data)
 *(.data*)
 .data.Stat     0x0000000020000000        0x1 Core/Src/fatfs_sd.o
 *fill*         0x0000000020000001        0x3 
 .data.SystemCoreClock
                0x0000000020000004        0x4 Core/Src/system_stm32f0xx.o
                0x0000000020000004                SystemCoreClock
 .data.uwTickFreq
                0x0000000020000008        0x1 Drivers/STM32F0xx_HAL_Driver/Src/stm32f0xx_hal.o
                0x0000000020000008                uwTickFreq
 *fill*         0x0000000020000009        0x3 
 .data.uwTickPrio
                0x000000002000000c        0x4 Drivers/STM32F0xx_HAL_Driver/Src/stm32f0xx_hal.o
                0x000000002000000c                uwTickPrio
 .data.USER_Driver
                0x0000000020000010       0x14 FATFS/Target/user_diskio.o
                0x0000000020000010                USER_Driver
                0x0000000020000024                . = ALIGN (0x4)
                0x0000000020000024                _edata = .

.igot.plt       0x0000000020000024        0x0 load address 0x0000000008008a24
 .igot.plt      0x0000000020000024        0x0 c:/st/stm32cubeide_1.5.1/stm32cubeide/plugins/com.st.stm32cube.ide.mcu.externaltools.gnu-tools-for-stm32.9-2020-q2-update.win32_1.5.0.202011040924/tools/bin/../lib/gcc/arm-none-eabi/9.3.1/thumb/v6-m/nofp/crtbegin.o
                0x0000000020000024                . = ALIGN (0x4)

.bss            0x0000000020000024     0x1810 load address 0x0000000008008a24
                0x0000000020000024                _sbss = .
                0x0000000020000024                __bss_start__ = _sbss
 *(.bss)
 .bss           0x0000000020000024       0x1c c:/st/stm32cubeide_1.5.1/stm32cubeide/plugins/com.st.stm32cube.ide.mcu.externaltools.gnu-tools-for-stm32.9-2020-q2-update.win32_1.5.0.202011040924/tools/bin/../lib/gcc/arm-none-eabi/9.3.1/thumb/v6-m/nofp/crtbegin.o
 *(.bss*)
 .bss.CardType  0x0000000020000040        0x1 Core/Src/fatfs_sd.o
 .bss.PowerFlag
                0x0000000020000041        0x1 Core/Src/fatfs_sd.o
 .bss.TS_KOR_X  0x0000000020000042        0x2 Core/Src/main.o
                0x0000000020000042                TS_KOR_X
 .bss.TS_KOR_Y  0x0000000020000044        0x2 Core/Src/main.o
                0x0000000020000044                TS_KOR_Y
 .bss.sn        0x0000000020000046        0x1 Core/Src/main.o
                0x0000000020000046                sn
 *fill*         0x0000000020000047        0x1 
 .bss.top_adet  0x0000000020000048        0x4 Core/Src/main.o
                0x0000000020000048                top_adet
 .bss.tus_algilama_sayisi
                0x000000002000004c        0x1 Core/Src/main.o
                0x000000002000004c                tus_algilama_sayisi
 .bss.tusa_basildi
                0x000000002000004d        0x1 Core/Src/main.o
                0x000000002000004d                tusa_basildi
 .bss.FatsFsCnt
                0x000000002000004e        0x1 Core/Src/stm32f0xx_it.o
                0x000000002000004e                FatsFsCnt
 *fill*         0x000000002000004f        0x1 
 .bss.FatFs     0x0000000020000050        0x4 Middlewares/Third_Party/FatFs/src/ff.o
 .bss.Files     0x0000000020000054       0x18 Middlewares/Third_Party/FatFs/src/ff.o
 .bss.Fsid      0x000000002000006c        0x2 Middlewares/Third_Party/FatFs/src/ff.o
 *fill*         0x000000002000006e        0x2 
 .bss.disk      0x0000000020000070        0xc Middlewares/Third_Party/FatFs/src/ff_gen_drv.o
                0x0000000020000070                disk
 *(COMMON)
 COMMON         0x000000002000007c     0x1324 Core/Src/main.o
                0x000000002000007c                fre_clust
                0x0000000020000080                fs
                0x00000000200002b0                fi
                0x00000000200002c8                renk
                0x00000000200002cc                br
                0x00000000200002d0                hdma_usart1_tx
                0x0000000020000314                free_space
                0x0000000020000318                huart1
                0x0000000020000398                buffer
                0x0000000020000ed8                txbuffer
                0x0000000020000ee0                bw
                0x0000000020000ee4                dir
                0x0000000020001104                pfs
                0x0000000020001108                fresult
                0x000000002000110c                hspi1
                0x0000000020001170                total
                0x0000000020001174                fil
 COMMON         0x00000000200013a0        0x2 Core/Src/stm32f0xx_it.o
                0x00000000200013a0                Timer2
                0x00000000200013a1                Timer1
 *fill*         0x00000000200013a2        0x2 
 COMMON         0x00000000200013a4       0x28 Core/Src/w25qxx.o
                0x00000000200013a4                w25qxx
 COMMON         0x00000000200013cc        0x4 Drivers/STM32F0xx_HAL_Driver/Src/stm32f0xx_hal.o
                0x00000000200013cc                uwTick
 COMMON         0x00000000200013d0      0x464 FATFS/App/fatfs.o
                0x00000000200013d0                USERPath
                0x00000000200013d4                retUSER
                0x00000000200013d8                USERFile
                0x0000000020001604                USERFatFS
                0x0000000020001834                . = ALIGN (0x4)
                0x0000000020001834                _ebss = .
                0x0000000020001834                __bss_end__ = _ebss

._user_heap_stack
                0x0000000020001834      0x604 load address 0x0000000008008a24
                0x0000000020001838                . = ALIGN (0x8)
 *fill*         0x0000000020001834        0x4 
                0x0000000020001838                PROVIDE (end = .)
                [!provide]                        PROVIDE (_end = .)
                0x0000000020001a38                . = (. + _Min_Heap_Size)
 *fill*         0x0000000020001838      0x200 
                0x0000000020001e38                . = (. + _Min_Stack_Size)
 *fill*         0x0000000020001a38      0x400 
                0x0000000020001e38                . = ALIGN (0x8)

/DISCARD/
 libc.a(*)
 libm.a(*)
 libgcc.a(*)

.ARM.attributes
                0x0000000000000000       0x28
 *(.ARM.attributes)
 .ARM.attributes
                0x0000000000000000       0x1e c:/st/stm32cubeide_1.5.1/stm32cubeide/plugins/com.st.stm32cube.ide.mcu.externaltools.gnu-tools-for-stm32.9-2020-q2-update.win32_1.5.0.202011040924/tools/bin/../lib/gcc/arm-none-eabi/9.3.1/thumb/v6-m/nofp/crti.o
 .ARM.attributes
                0x000000000000001e       0x2c c:/st/stm32cubeide_1.5.1/stm32cubeide/plugins/com.st.stm32cube.ide.mcu.externaltools.gnu-tools-for-stm32.9-2020-q2-update.win32_1.5.0.202011040924/tools/bin/../lib/gcc/arm-none-eabi/9.3.1/thumb/v6-m/nofp/crtbegin.o
 .ARM.attributes
                0x000000000000004a       0x28 Core/Src/ILI9488.o
 .ARM.attributes
                0x0000000000000072       0x28 Core/Src/TS_XPT2026.o
 .ARM.attributes
                0x000000000000009a       0x28 Core/Src/fatfs_sd.o
 .ARM.attributes
                0x00000000000000c2       0x28 Core/Src/main.o
 .ARM.attributes
                0x00000000000000ea       0x28 Core/Src/stm32f0xx_hal_msp.o
 .ARM.attributes
                0x0000000000000112       0x28 Core/Src/stm32f0xx_it.o
 .ARM.attributes
                0x000000000000013a       0x28 Core/Src/system_stm32f0xx.o
 .ARM.attributes
                0x0000000000000162       0x28 Core/Src/w25qxx.o
 .ARM.attributes
                0x000000000000018a       0x21 Core/Startup/startup_stm32f030c8tx.o
 .ARM.attributes
                0x00000000000001ab       0x28 Drivers/STM32F0xx_HAL_Driver/Src/stm32f0xx_hal.o
 .ARM.attributes
                0x00000000000001d3       0x28 Drivers/STM32F0xx_HAL_Driver/Src/stm32f0xx_hal_cortex.o
 .ARM.attributes
                0x00000000000001fb       0x28 Drivers/STM32F0xx_HAL_Driver/Src/stm32f0xx_hal_dma.o
 .ARM.attributes
                0x0000000000000223       0x28 Drivers/STM32F0xx_HAL_Driver/Src/stm32f0xx_hal_gpio.o
 .ARM.attributes
                0x000000000000024b       0x28 Drivers/STM32F0xx_HAL_Driver/Src/stm32f0xx_hal_rcc.o
 .ARM.attributes
                0x0000000000000273       0x28 Drivers/STM32F0xx_HAL_Driver/Src/stm32f0xx_hal_rcc_ex.o
 .ARM.attributes
                0x000000000000029b       0x28 Drivers/STM32F0xx_HAL_Driver/Src/stm32f0xx_hal_spi.o
 .ARM.attributes
                0x00000000000002c3       0x28 Drivers/STM32F0xx_HAL_Driver/Src/stm32f0xx_hal_uart.o
 .ARM.attributes
                0x00000000000002eb       0x28 FATFS/App/fatfs.o
 .ARM.attributes
                0x0000000000000313       0x28 FATFS/Target/user_diskio.o
 .ARM.attributes
                0x000000000000033b       0x28 Middlewares/Third_Party/FatFs/src/diskio.o
 .ARM.attributes
                0x0000000000000363       0x28 Middlewares/Third_Party/FatFs/src/ff.o
 .ARM.attributes
                0x000000000000038b       0x28 Middlewares/Third_Party/FatFs/src/ff_gen_drv.o
 .ARM.attributes
                0x00000000000003b3       0x2c c:/st/stm32cubeide_1.5.1/stm32cubeide/plugins/com.st.stm32cube.ide.mcu.externaltools.gnu-tools-for-stm32.9-2020-q2-update.win32_1.5.0.202011040924/tools/bin/../lib/gcc/arm-none-eabi/9.3.1/../../../../arm-none-eabi/lib/thumb/v6-m/nofp\libc_nano.a(lib_a-init.o)
 .ARM.attributes
                0x00000000000003df       0x2c c:/st/stm32cubeide_1.5.1/stm32cubeide/plugins/com.st.stm32cube.ide.mcu.externaltools.gnu-tools-for-stm32.9-2020-q2-update.win32_1.5.0.202011040924/tools/bin/../lib/gcc/arm-none-eabi/9.3.1/../../../../arm-none-eabi/lib/thumb/v6-m/nofp\libc_nano.a(lib_a-memset.o)
 .ARM.attributes
                0x000000000000040b       0x1c c:/st/stm32cubeide_1.5.1/stm32cubeide/plugins/com.st.stm32cube.ide.mcu.externaltools.gnu-tools-for-stm32.9-2020-q2-update.win32_1.5.0.202011040924/tools/bin/../lib/gcc/arm-none-eabi/9.3.1/../../../../arm-none-eabi/lib/thumb/v6-m/nofp\libc_nano.a(lib_a-strlen.o)
 .ARM.attributes
                0x0000000000000427       0x1e c:/st/stm32cubeide_1.5.1/stm32cubeide/plugins/com.st.stm32cube.ide.mcu.externaltools.gnu-tools-for-stm32.9-2020-q2-update.win32_1.5.0.202011040924/tools/bin/../lib/gcc/arm-none-eabi/9.3.1/thumb/v6-m/nofp\libgcc.a(_udivsi3.o)
 .ARM.attributes
                0x0000000000000445       0x1e c:/st/stm32cubeide_1.5.1/stm32cubeide/plugins/com.st.stm32cube.ide.mcu.externaltools.gnu-tools-for-stm32.9-2020-q2-update.win32_1.5.0.202011040924/tools/bin/../lib/gcc/arm-none-eabi/9.3.1/thumb/v6-m/nofp\libgcc.a(_dvmd_tls.o)
 .ARM.attributes
                0x0000000000000463       0x2c c:/st/stm32cubeide_1.5.1/stm32cubeide/plugins/com.st.stm32cube.ide.mcu.externaltools.gnu-tools-for-stm32.9-2020-q2-update.win32_1.5.0.202011040924/tools/bin/../lib/gcc/arm-none-eabi/9.3.1/thumb/v6-m/nofp\libgcc.a(_fixunsdfsi.o)
 .ARM.attributes
                0x000000000000048f       0x2c c:/st/stm32cubeide_1.5.1/stm32cubeide/plugins/com.st.stm32cube.ide.mcu.externaltools.gnu-tools-for-stm32.9-2020-q2-update.win32_1.5.0.202011040924/tools/bin/../lib/gcc/arm-none-eabi/9.3.1/thumb/v6-m/nofp\libgcc.a(adddf3.o)
 .ARM.attributes
                0x00000000000004bb       0x2c c:/st/stm32cubeide_1.5.1/stm32cubeide/plugins/com.st.stm32cube.ide.mcu.externaltools.gnu-tools-for-stm32.9-2020-q2-update.win32_1.5.0.202011040924/tools/bin/../lib/gcc/arm-none-eabi/9.3.1/thumb/v6-m/nofp\libgcc.a(muldf3.o)
 .ARM.attributes
                0x00000000000004e7       0x2c c:/st/stm32cubeide_1.5.1/stm32cubeide/plugins/com.st.stm32cube.ide.mcu.externaltools.gnu-tools-for-stm32.9-2020-q2-update.win32_1.5.0.202011040924/tools/bin/../lib/gcc/arm-none-eabi/9.3.1/thumb/v6-m/nofp\libgcc.a(subdf3.o)
 .ARM.attributes
                0x0000000000000513       0x2c c:/st/stm32cubeide_1.5.1/stm32cubeide/plugins/com.st.stm32cube.ide.mcu.externaltools.gnu-tools-for-stm32.9-2020-q2-update.win32_1.5.0.202011040924/tools/bin/../lib/gcc/arm-none-eabi/9.3.1/thumb/v6-m/nofp\libgcc.a(fixdfsi.o)
 .ARM.attributes
                0x000000000000053f       0x2c c:/st/stm32cubeide_1.5.1/stm32cubeide/plugins/com.st.stm32cube.ide.mcu.externaltools.gnu-tools-for-stm32.9-2020-q2-update.win32_1.5.0.202011040924/tools/bin/../lib/gcc/arm-none-eabi/9.3.1/thumb/v6-m/nofp\libgcc.a(floatsidf.o)
 .ARM.attributes
                0x000000000000056b       0x1e c:/st/stm32cubeide_1.5.1/stm32cubeide/plugins/com.st.stm32cube.ide.mcu.externaltools.gnu-tools-for-stm32.9-2020-q2-update.win32_1.5.0.202011040924/tools/bin/../lib/gcc/arm-none-eabi/9.3.1/thumb/v6-m/nofp\libgcc.a(_arm_cmpdf2.o)
 .ARM.attributes
                0x0000000000000589       0x1e c:/st/stm32cubeide_1.5.1/stm32cubeide/plugins/com.st.stm32cube.ide.mcu.externaltools.gnu-tools-for-stm32.9-2020-q2-update.win32_1.5.0.202011040924/tools/bin/../lib/gcc/arm-none-eabi/9.3.1/thumb/v6-m/nofp\libgcc.a(_clzsi2.o)
 .ARM.attributes
                0x00000000000005a7       0x2c c:/st/stm32cubeide_1.5.1/stm32cubeide/plugins/com.st.stm32cube.ide.mcu.externaltools.gnu-tools-for-stm32.9-2020-q2-update.win32_1.5.0.202011040924/tools/bin/../lib/gcc/arm-none-eabi/9.3.1/thumb/v6-m/nofp\libgcc.a(eqdf2.o)
 .ARM.attributes
                0x00000000000005d3       0x2c c:/st/stm32cubeide_1.5.1/stm32cubeide/plugins/com.st.stm32cube.ide.mcu.externaltools.gnu-tools-for-stm32.9-2020-q2-update.win32_1.5.0.202011040924/tools/bin/../lib/gcc/arm-none-eabi/9.3.1/thumb/v6-m/nofp\libgcc.a(gedf2.o)
 .ARM.attributes
                0x00000000000005ff       0x2c c:/st/stm32cubeide_1.5.1/stm32cubeide/plugins/com.st.stm32cube.ide.mcu.externaltools.gnu-tools-for-stm32.9-2020-q2-update.win32_1.5.0.202011040924/tools/bin/../lib/gcc/arm-none-eabi/9.3.1/thumb/v6-m/nofp\libgcc.a(ledf2.o)
 .ARM.attributes
                0x000000000000062b       0x1e c:/st/stm32cubeide_1.5.1/stm32cubeide/plugins/com.st.stm32cube.ide.mcu.externaltools.gnu-tools-for-stm32.9-2020-q2-update.win32_1.5.0.202011040924/tools/bin/../lib/gcc/arm-none-eabi/9.3.1/thumb/v6-m/nofp/crtn.o
OUTPUT(NEXTION_LCD.elf elf32-littlearm)
LOAD linker stubs
LOAD c:/st/stm32cubeide_1.5.1/stm32cubeide/plugins/com.st.stm32cube.ide.mcu.externaltools.gnu-tools-for-stm32.9-2020-q2-update.win32_1.5.0.202011040924/tools/bin/../lib/gcc/arm-none-eabi/9.3.1/../../../../arm-none-eabi/lib/thumb/v6-m/nofp\libc.a
LOAD c:/st/stm32cubeide_1.5.1/stm32cubeide/plugins/com.st.stm32cube.ide.mcu.externaltools.gnu-tools-for-stm32.9-2020-q2-update.win32_1.5.0.202011040924/tools/bin/../lib/gcc/arm-none-eabi/9.3.1/../../../../arm-none-eabi/lib/thumb/v6-m/nofp\libm.a
LOAD c:/st/stm32cubeide_1.5.1/stm32cubeide/plugins/com.st.stm32cube.ide.mcu.externaltools.gnu-tools-for-stm32.9-2020-q2-update.win32_1.5.0.202011040924/tools/bin/../lib/gcc/arm-none-eabi/9.3.1/thumb/v6-m/nofp\libgcc.a

.debug_info     0x0000000000000000    0x1f038
 .debug_info    0x0000000000000000     0x2d4f Core/Src/ILI9488.o
 .debug_info    0x0000000000002d4f      0x531 Core/Src/TS_XPT2026.o
 .debug_info    0x0000000000003280     0x267d Core/Src/fatfs_sd.o
 .debug_info    0x00000000000058fd     0x2d8e Core/Src/main.o
 .debug_info    0x000000000000868b      0xfc5 Core/Src/stm32f0xx_hal_msp.o
 .debug_info    0x0000000000009650      0x7ed Core/Src/stm32f0xx_it.o
 .debug_info    0x0000000000009e3d      0x2d7 Core/Src/system_stm32f0xx.o
 .debug_info    0x000000000000a114     0x370d Core/Src/w25qxx.o
 .debug_info    0x000000000000d821       0x22 Core/Startup/startup_stm32f030c8tx.o
 .debug_info    0x000000000000d843      0x7b2 Drivers/STM32F0xx_HAL_Driver/Src/stm32f0xx_hal.o
 .debug_info    0x000000000000dff5      0x967 Drivers/STM32F0xx_HAL_Driver/Src/stm32f0xx_hal_cortex.o
 .debug_info    0x000000000000e95c      0x9ad Drivers/STM32F0xx_HAL_Driver/Src/stm32f0xx_hal_dma.o
 .debug_info    0x000000000000f309      0x705 Drivers/STM32F0xx_HAL_Driver/Src/stm32f0xx_hal_gpio.o
 .debug_info    0x000000000000fa0e      0xb43 Drivers/STM32F0xx_HAL_Driver/Src/stm32f0xx_hal_rcc.o
 .debug_info    0x0000000000010551      0x480 Drivers/STM32F0xx_HAL_Driver/Src/stm32f0xx_hal_rcc_ex.o
 .debug_info    0x00000000000109d1     0x2e12 Drivers/STM32F0xx_HAL_Driver/Src/stm32f0xx_hal_spi.o
 .debug_info    0x00000000000137e3     0x21b1 Drivers/STM32F0xx_HAL_Driver/Src/stm32f0xx_hal_uart.o
 .debug_info    0x0000000000015994      0x5e5 FATFS/App/fatfs.o
 .debug_info    0x0000000000015f79      0xdf3 FATFS/Target/user_diskio.o
 .debug_info    0x0000000000016d6c      0x57a Middlewares/Third_Party/FatFs/src/diskio.o
 .debug_info    0x00000000000172e6     0x76b6 Middlewares/Third_Party/FatFs/src/ff.o
 .debug_info    0x000000000001e99c      0x69c Middlewares/Third_Party/FatFs/src/ff_gen_drv.o

.debug_abbrev   0x0000000000000000     0x3c1c
 .debug_abbrev  0x0000000000000000      0x43a Core/Src/ILI9488.o
 .debug_abbrev  0x000000000000043a      0x1e8 Core/Src/TS_XPT2026.o
 .debug_abbrev  0x0000000000000622      0x41e Core/Src/fatfs_sd.o
 .debug_abbrev  0x0000000000000a40      0x52b Core/Src/main.o
 .debug_abbrev  0x0000000000000f6b      0x1f9 Core/Src/stm32f0xx_hal_msp.o
 .debug_abbrev  0x0000000000001164      0x232 Core/Src/stm32f0xx_it.o
 .debug_abbrev  0x0000000000001396      0x14b Core/Src/system_stm32f0xx.o
 .debug_abbrev  0x00000000000014e1      0x416 Core/Src/w25qxx.o
 .debug_abbrev  0x00000000000018f7       0x12 Core/Startup/startup_stm32f030c8tx.o
 .debug_abbrev  0x0000000000001909      0x2af Drivers/STM32F0xx_HAL_Driver/Src/stm32f0xx_hal.o
 .debug_abbrev  0x0000000000001bb8      0x2ab Drivers/STM32F0xx_HAL_Driver/Src/stm32f0xx_hal_cortex.o
 .debug_abbrev  0x0000000000001e63      0x256 Drivers/STM32F0xx_HAL_Driver/Src/stm32f0xx_hal_dma.o
 .debug_abbrev  0x00000000000020b9      0x228 Drivers/STM32F0xx_HAL_Driver/Src/stm32f0xx_hal_gpio.o
 .debug_abbrev  0x00000000000022e1      0x310 Drivers/STM32F0xx_HAL_Driver/Src/stm32f0xx_hal_rcc.o
 .debug_abbrev  0x00000000000025f1      0x1e8 Drivers/STM32F0xx_HAL_Driver/Src/stm32f0xx_hal_rcc_ex.o
 .debug_abbrev  0x00000000000027d9      0x3f4 Drivers/STM32F0xx_HAL_Driver/Src/stm32f0xx_hal_spi.o
 .debug_abbrev  0x0000000000002bcd      0x39e Drivers/STM32F0xx_HAL_Driver/Src/stm32f0xx_hal_uart.o
 .debug_abbrev  0x0000000000002f6b      0x1c9 FATFS/App/fatfs.o
 .debug_abbrev  0x0000000000003134      0x256 FATFS/Target/user_diskio.o
 .debug_abbrev  0x000000000000338a      0x1d6 Middlewares/Third_Party/FatFs/src/diskio.o
 .debug_abbrev  0x0000000000003560      0x46e Middlewares/Third_Party/FatFs/src/ff.o
 .debug_abbrev  0x00000000000039ce      0x24e Middlewares/Third_Party/FatFs/src/ff_gen_drv.o

.debug_loc      0x0000000000000000    0x18f94
 .debug_loc     0x0000000000000000     0x11eb Core/Src/ILI9488.o
 .debug_loc     0x00000000000011eb       0xd4 Core/Src/TS_XPT2026.o
 .debug_loc     0x00000000000012bf     0x10be Core/Src/fatfs_sd.o
 .debug_loc     0x000000000000237d      0x1ba Core/Src/main.o
 .debug_loc     0x0000000000002537      0x10c Core/Src/stm32f0xx_hal_msp.o
 .debug_loc     0x0000000000002643      0x140 Core/Src/system_stm32f0xx.o
 .debug_loc     0x0000000000002783      0xcfd Core/Src/w25qxx.o
 .debug_loc     0x0000000000003480      0x135 Drivers/STM32F0xx_HAL_Driver/Src/stm32f0xx_hal.o
 .debug_loc     0x00000000000035b5      0x482 Drivers/STM32F0xx_HAL_Driver/Src/stm32f0xx_hal_cortex.o
 .debug_loc     0x0000000000003a37      0xa48 Drivers/STM32F0xx_HAL_Driver/Src/stm32f0xx_hal_dma.o
 .debug_loc     0x000000000000447f      0x487 Drivers/STM32F0xx_HAL_Driver/Src/stm32f0xx_hal_gpio.o
 .debug_loc     0x0000000000004906      0x6eb Drivers/STM32F0xx_HAL_Driver/Src/stm32f0xx_hal_rcc.o
 .debug_loc     0x0000000000004ff1      0x2d9 Drivers/STM32F0xx_HAL_Driver/Src/stm32f0xx_hal_rcc_ex.o
 .debug_loc     0x00000000000052ca     0x3789 Drivers/STM32F0xx_HAL_Driver/Src/stm32f0xx_hal_spi.o
 .debug_loc     0x0000000000008a53     0x244e Drivers/STM32F0xx_HAL_Driver/Src/stm32f0xx_hal_uart.o
 .debug_loc     0x000000000000aea1      0x1e1 FATFS/Target/user_diskio.o
 .debug_loc     0x000000000000b082      0x258 Middlewares/Third_Party/FatFs/src/diskio.o
 .debug_loc     0x000000000000b2da     0xd808 Middlewares/Third_Party/FatFs/src/ff.o
 .debug_loc     0x0000000000018ae2      0x4b2 Middlewares/Third_Party/FatFs/src/ff_gen_drv.o

.debug_aranges  0x0000000000000000      0xb18
 .debug_aranges
                0x0000000000000000       0x78 Core/Src/ILI9488.o
 .debug_aranges
                0x0000000000000078       0x30 Core/Src/TS_XPT2026.o
 .debug_aranges
                0x00000000000000a8       0x60 Core/Src/fatfs_sd.o
 .debug_aranges
                0x0000000000000108       0x48 Core/Src/main.o
 .debug_aranges
                0x0000000000000150       0x40 Core/Src/stm32f0xx_hal_msp.o
 .debug_aranges
                0x0000000000000190       0x50 Core/Src/stm32f0xx_it.o
 .debug_aranges
                0x00000000000001e0       0x28 Core/Src/system_stm32f0xx.o
 .debug_aranges
                0x0000000000000208       0xc8 Core/Src/w25qxx.o
 .debug_aranges
                0x00000000000002d0       0x28 Core/Startup/startup_stm32f030c8tx.o
 .debug_aranges
                0x00000000000002f8       0xc8 Drivers/STM32F0xx_HAL_Driver/Src/stm32f0xx_hal.o
 .debug_aranges
                0x00000000000003c0       0x78 Drivers/STM32F0xx_HAL_Driver/Src/stm32f0xx_hal_cortex.o
 .debug_aranges
                0x0000000000000438       0x78 Drivers/STM32F0xx_HAL_Driver/Src/stm32f0xx_hal_dma.o
 .debug_aranges
                0x00000000000004b0       0x58 Drivers/STM32F0xx_HAL_Driver/Src/stm32f0xx_hal_gpio.o
 .debug_aranges
                0x0000000000000508       0x80 Drivers/STM32F0xx_HAL_Driver/Src/stm32f0xx_hal_rcc.o
 .debug_aranges
                0x0000000000000588       0x30 Drivers/STM32F0xx_HAL_Driver/Src/stm32f0xx_hal_rcc_ex.o
 .debug_aranges
                0x00000000000005b8      0x170 Drivers/STM32F0xx_HAL_Driver/Src/stm32f0xx_hal_spi.o
 .debug_aranges
                0x0000000000000728      0x1a0 Drivers/STM32F0xx_HAL_Driver/Src/stm32f0xx_hal_uart.o
 .debug_aranges
                0x00000000000008c8       0x28 FATFS/App/fatfs.o
 .debug_aranges
                0x00000000000008f0       0x40 FATFS/Target/user_diskio.o
 .debug_aranges
                0x0000000000000930       0x48 Middlewares/Third_Party/FatFs/src/diskio.o
 .debug_aranges
                0x0000000000000978      0x160 Middlewares/Third_Party/FatFs/src/ff.o
 .debug_aranges
                0x0000000000000ad8       0x40 Middlewares/Third_Party/FatFs/src/ff_gen_drv.o

.debug_ranges   0x0000000000000000     0x3748
 .debug_ranges  0x0000000000000000      0x1d8 Core/Src/ILI9488.o
 .debug_ranges  0x00000000000001d8       0x20 Core/Src/TS_XPT2026.o
 .debug_ranges  0x00000000000001f8      0x460 Core/Src/fatfs_sd.o
 .debug_ranges  0x0000000000000658      0x150 Core/Src/main.o
 .debug_ranges  0x00000000000007a8      0x128 Core/Src/stm32f0xx_hal_msp.o
 .debug_ranges  0x00000000000008d0       0x40 Core/Src/stm32f0xx_it.o
 .debug_ranges  0x0000000000000910       0x18 Core/Src/system_stm32f0xx.o
 .debug_ranges  0x0000000000000928      0x770 Core/Src/w25qxx.o
 .debug_ranges  0x0000000000001098       0x20 Core/Startup/startup_stm32f030c8tx.o
 .debug_ranges  0x00000000000010b8       0xb8 Drivers/STM32F0xx_HAL_Driver/Src/stm32f0xx_hal.o
 .debug_ranges  0x0000000000001170      0x100 Drivers/STM32F0xx_HAL_Driver/Src/stm32f0xx_hal_cortex.o
 .debug_ranges  0x0000000000001270      0x118 Drivers/STM32F0xx_HAL_Driver/Src/stm32f0xx_hal_dma.o
 .debug_ranges  0x0000000000001388       0x80 Drivers/STM32F0xx_HAL_Driver/Src/stm32f0xx_hal_gpio.o
 .debug_ranges  0x0000000000001408       0xf8 Drivers/STM32F0xx_HAL_Driver/Src/stm32f0xx_hal_rcc.o
 .debug_ranges  0x0000000000001500       0x58 Drivers/STM32F0xx_HAL_Driver/Src/stm32f0xx_hal_rcc_ex.o
 .debug_ranges  0x0000000000001558      0x850 Drivers/STM32F0xx_HAL_Driver/Src/stm32f0xx_hal_spi.o
 .debug_ranges  0x0000000000001da8      0x3a0 Drivers/STM32F0xx_HAL_Driver/Src/stm32f0xx_hal_uart.o
 .debug_ranges  0x0000000000002148       0x18 FATFS/App/fatfs.o
 .debug_ranges  0x0000000000002160       0x30 FATFS/Target/user_diskio.o
 .debug_ranges  0x0000000000002190       0x38 Middlewares/Third_Party/FatFs/src/diskio.o
 .debug_ranges  0x00000000000021c8     0x1520 Middlewares/Third_Party/FatFs/src/ff.o
 .debug_ranges  0x00000000000036e8       0x60 Middlewares/Third_Party/FatFs/src/ff_gen_drv.o

.debug_macro    0x0000000000000000     0xe937
 .debug_macro   0x0000000000000000      0x2a5 Core/Src/ILI9488.o
 .debug_macro   0x00000000000002a5      0xa8a Core/Src/ILI9488.o
 .debug_macro   0x0000000000000d2f      0x133 Core/Src/ILI9488.o
 .debug_macro   0x0000000000000e62       0x2e Core/Src/ILI9488.o
 .debug_macro   0x0000000000000e90       0x22 Core/Src/ILI9488.o
 .debug_macro   0x0000000000000eb2       0x22 Core/Src/ILI9488.o
 .debug_macro   0x0000000000000ed4       0x8e Core/Src/ILI9488.o
 .debug_macro   0x0000000000000f62       0x51 Core/Src/ILI9488.o
 .debug_macro   0x0000000000000fb3      0x103 Core/Src/ILI9488.o
 .debug_macro   0x00000000000010b6       0x6a Core/Src/ILI9488.o
 .debug_macro   0x0000000000001120      0x1df Core/Src/ILI9488.o
 .debug_macro   0x00000000000012ff       0x1c Core/Src/ILI9488.o
 .debug_macro   0x000000000000131b       0x22 Core/Src/ILI9488.o
 .debug_macro   0x000000000000133d       0xb5 Core/Src/ILI9488.o
 .debug_macro   0x00000000000013f2      0x391 Core/Src/ILI9488.o
 .debug_macro   0x0000000000001783     0x6f39 Core/Src/ILI9488.o
 .debug_macro   0x00000000000086bc       0x3c Core/Src/ILI9488.o
 .debug_macro   0x00000000000086f8      0x174 Core/Src/ILI9488.o
 .debug_macro   0x000000000000886c       0x53 Core/Src/ILI9488.o
 .debug_macro   0x00000000000088bf      0x924 Core/Src/ILI9488.o
 .debug_macro   0x00000000000091e3      0x17f Core/Src/ILI9488.o
 .debug_macro   0x0000000000009362      0x12f Core/Src/ILI9488.o
 .debug_macro   0x0000000000009491       0xd9 Core/Src/ILI9488.o
 .debug_macro   0x000000000000956a      0x1a0 Core/Src/ILI9488.o
 .debug_macro   0x000000000000970a      0x1ed Core/Src/ILI9488.o
 .debug_macro   0x00000000000098f7       0x34 Core/Src/ILI9488.o
 .debug_macro   0x000000000000992b       0x43 Core/Src/ILI9488.o
 .debug_macro   0x000000000000996e       0x28 Core/Src/ILI9488.o
 .debug_macro   0x0000000000009996       0xb0 Core/Src/ILI9488.o
 .debug_macro   0x0000000000009a46      0x199 Core/Src/ILI9488.o
 .debug_macro   0x0000000000009bdf      0x22c Core/Src/ILI9488.o
 .debug_macro   0x0000000000009e0b       0x5f Core/Src/ILI9488.o
 .debug_macro   0x0000000000009e6a       0xa5 Core/Src/ILI9488.o
 .debug_macro   0x0000000000009f0f       0x4c Core/Src/ILI9488.o
 .debug_macro   0x0000000000009f5b       0x2b Core/Src/ILI9488.o
 .debug_macro   0x0000000000009f86      0x305 Core/Src/ILI9488.o
 .debug_macro   0x000000000000a28b      0x543 Core/Src/ILI9488.o
 .debug_macro   0x000000000000a7ce       0x3e Core/Src/ILI9488.o
 .debug_macro   0x000000000000a80c       0xff Core/Src/ILI9488.o
 .debug_macro   0x000000000000a90b       0xb8 Core/Src/ILI9488.o
 .debug_macro   0x000000000000a9c3       0x40 Core/Src/ILI9488.o
 .debug_macro   0x000000000000aa03       0x52 Core/Src/ILI9488.o
 .debug_macro   0x000000000000aa55       0x18 Core/Src/ILI9488.o
 .debug_macro   0x000000000000aa6d       0x3c Core/Src/ILI9488.o
 .debug_macro   0x000000000000aaa9       0x34 Core/Src/ILI9488.o
 .debug_macro   0x000000000000aadd       0x16 Core/Src/ILI9488.o
 .debug_macro   0x000000000000aaf3       0x43 Core/Src/ILI9488.o
 .debug_macro   0x000000000000ab36       0x34 Core/Src/ILI9488.o
 .debug_macro   0x000000000000ab6a       0x10 Core/Src/ILI9488.o
 .debug_macro   0x000000000000ab7a       0x58 Core/Src/ILI9488.o
 .debug_macro   0x000000000000abd2       0x71 Core/Src/ILI9488.o
 .debug_macro   0x000000000000ac43       0x1c Core/Src/ILI9488.o
 .debug_macro   0x000000000000ac5f      0x12a Core/Src/ILI9488.o
 .debug_macro   0x000000000000ad89      0x333 Core/Src/ILI9488.o
 .debug_macro   0x000000000000b0bc       0x10 Core/Src/ILI9488.o
 .debug_macro   0x000000000000b0cc       0x35 Core/Src/ILI9488.o
 .debug_macro   0x000000000000b101       0x20 Core/Src/ILI9488.o
 .debug_macro   0x000000000000b121      0x1c8 Core/Src/TS_XPT2026.o
 .debug_macro   0x000000000000b2e9       0xb2 Core/Src/TS_XPT2026.o
 .debug_macro   0x000000000000b39b      0x1f8 Core/Src/fatfs_sd.o
 .debug_macro   0x000000000000b593       0x16 Core/Src/fatfs_sd.o
 .debug_macro   0x000000000000b5a9       0x7c Core/Src/fatfs_sd.o
 .debug_macro   0x000000000000b625       0x6a Core/Src/fatfs_sd.o
 .debug_macro   0x000000000000b68f      0x3f6 Core/Src/main.o
 .debug_macro   0x000000000000ba85       0xde Core/Src/main.o
 .debug_macro   0x000000000000bb63       0xf5 Core/Src/main.o
 .debug_macro   0x000000000000bc58       0x8e Core/Src/main.o
 .debug_macro   0x000000000000bce6       0x22 Core/Src/main.o
 .debug_macro   0x000000000000bd08       0x16 Core/Src/main.o
 .debug_macro   0x000000000000bd1e       0x16 Core/Src/main.o
 .debug_macro   0x000000000000bd34       0x29 Core/Src/main.o
 .debug_macro   0x000000000000bd5d       0x1c Core/Src/main.o
 .debug_macro   0x000000000000bd79       0x10 Core/Src/main.o
 .debug_macro   0x000000000000bd89       0x10 Core/Src/main.o
 .debug_macro   0x000000000000bd99       0x1c Core/Src/main.o
 .debug_macro   0x000000000000bdb5       0x52 Core/Src/main.o
 .debug_macro   0x000000000000be07       0x22 Core/Src/main.o
 .debug_macro   0x000000000000be29       0x10 Core/Src/main.o
 .debug_macro   0x000000000000be39       0x40 Core/Src/main.o
 .debug_macro   0x000000000000be79       0xd5 Core/Src/main.o
 .debug_macro   0x000000000000bf4e       0x1c Core/Src/main.o
 .debug_macro   0x000000000000bf6a       0x3d Core/Src/main.o
 .debug_macro   0x000000000000bfa7       0x16 Core/Src/main.o
 .debug_macro   0x000000000000bfbd      0x145 Core/Src/main.o
 .debug_macro   0x000000000000c102       0x16 Core/Src/main.o
 .debug_macro   0x000000000000c118      0x1c8 Core/Src/stm32f0xx_hal_msp.o
 .debug_macro   0x000000000000c2e0      0x1d2 Core/Src/stm32f0xx_it.o
 .debug_macro   0x000000000000c4b2      0x1b9 Core/Src/system_stm32f0xx.o
 .debug_macro   0x000000000000c66b      0x36e Core/Src/w25qxx.o
 .debug_macro   0x000000000000c9d9      0x10e Core/Src/w25qxx.o
 .debug_macro   0x000000000000cae7       0x8d Core/Src/w25qxx.o
 .debug_macro   0x000000000000cb74       0xaf Core/Src/w25qxx.o
 .debug_macro   0x000000000000cc23       0x4d Core/Src/w25qxx.o
 .debug_macro   0x000000000000cc70      0x1dd Drivers/STM32F0xx_HAL_Driver/Src/stm32f0xx_hal.o
 .debug_macro   0x000000000000ce4d      0x1b9 Drivers/STM32F0xx_HAL_Driver/Src/stm32f0xx_hal_cortex.o
 .debug_macro   0x000000000000d006      0x1b9 Drivers/STM32F0xx_HAL_Driver/Src/stm32f0xx_hal_dma.o
 .debug_macro   0x000000000000d1bf      0x1f1 Drivers/STM32F0xx_HAL_Driver/Src/stm32f0xx_hal_gpio.o
 .debug_macro   0x000000000000d3b0      0x1cb Drivers/STM32F0xx_HAL_Driver/Src/stm32f0xx_hal_rcc.o
 .debug_macro   0x000000000000d57b      0x1b9 Drivers/STM32F0xx_HAL_Driver/Src/stm32f0xx_hal_rcc_ex.o
 .debug_macro   0x000000000000d734      0x1c1 Drivers/STM32F0xx_HAL_Driver/Src/stm32f0xx_hal_spi.o
 .debug_macro   0x000000000000d8f5      0x1d6 Drivers/STM32F0xx_HAL_Driver/Src/stm32f0xx_hal_uart.o
 .debug_macro   0x000000000000dacb      0x21b FATFS/App/fatfs.o
 .debug_macro   0x000000000000dce6       0xd8 FATFS/App/fatfs.o
 .debug_macro   0x000000000000ddbe      0x2d0 FATFS/Target/user_diskio.o
 .debug_macro   0x000000000000e08e      0x208 Middlewares/Third_Party/FatFs/src/diskio.o
 .debug_macro   0x000000000000e296      0x441 Middlewares/Third_Party/FatFs/src/ff.o
 .debug_macro   0x000000000000e6d7       0x58 Middlewares/Third_Party/FatFs/src/ff.o
 .debug_macro   0x000000000000e72f      0x208 Middlewares/Third_Party/FatFs/src/ff_gen_drv.o

.debug_line     0x0000000000000000    0x1c12a
 .debug_line    0x0000000000000000     0x126c Core/Src/ILI9488.o
 .debug_line    0x000000000000126c      0x85f Core/Src/TS_XPT2026.o
 .debug_line    0x0000000000001acb     0x19ef Core/Src/fatfs_sd.o
 .debug_line    0x00000000000034ba     0x107a Core/Src/main.o
 .debug_line    0x0000000000004534      0x89a Core/Src/stm32f0xx_hal_msp.o
 .debug_line    0x0000000000004dce      0x7d5 Core/Src/stm32f0xx_it.o
 .debug_line    0x00000000000055a3      0x72d Core/Src/system_stm32f0xx.o
 .debug_line    0x0000000000005cd0     0x1867 Core/Src/w25qxx.o
 .debug_line    0x0000000000007537       0x89 Core/Startup/startup_stm32f030c8tx.o
 .debug_line    0x00000000000075c0      0xa16 Drivers/STM32F0xx_HAL_Driver/Src/stm32f0xx_hal.o
 .debug_line    0x0000000000007fd6      0xa5c Drivers/STM32F0xx_HAL_Driver/Src/stm32f0xx_hal_cortex.o
 .debug_line    0x0000000000008a32     0x1000 Drivers/STM32F0xx_HAL_Driver/Src/stm32f0xx_hal_dma.o
 .debug_line    0x0000000000009a32      0xc28 Drivers/STM32F0xx_HAL_Driver/Src/stm32f0xx_hal_gpio.o
 .debug_line    0x000000000000a65a     0x127a Drivers/STM32F0xx_HAL_Driver/Src/stm32f0xx_hal_rcc.o
 .debug_line    0x000000000000b8d4      0x9a0 Drivers/STM32F0xx_HAL_Driver/Src/stm32f0xx_hal_rcc_ex.o
 .debug_line    0x000000000000c274     0x3b1f Drivers/STM32F0xx_HAL_Driver/Src/stm32f0xx_hal_spi.o
 .debug_line    0x000000000000fd93     0x2e75 Drivers/STM32F0xx_HAL_Driver/Src/stm32f0xx_hal_uart.o
 .debug_line    0x0000000000012c08      0x74b FATFS/App/fatfs.o
 .debug_line    0x0000000000013353      0x902 FATFS/Target/user_diskio.o
 .debug_line    0x0000000000013c55      0x805 Middlewares/Third_Party/FatFs/src/diskio.o
 .debug_line    0x000000000001445a     0x73ba Middlewares/Third_Party/FatFs/src/ff.o
 .debug_line    0x000000000001b814      0x916 Middlewares/Third_Party/FatFs/src/ff_gen_drv.o

.debug_str      0x0000000000000000    0x4966c
 .debug_str     0x0000000000000000    0x4427e Core/Src/ILI9488.o
                                      0x44550 (size before relaxing)
 .debug_str     0x000000000004427e       0x7f Core/Src/TS_XPT2026.o
                                      0x40de3 (size before relaxing)
 .debug_str     0x00000000000442fd      0x7c7 Core/Src/fatfs_sd.o
                                      0x41304 (size before relaxing)
 .debug_str     0x0000000000044ac4     0x2186 Core/Src/main.o
                                      0x46a69 (size before relaxing)
 .debug_str     0x0000000000046c4a       0xe2 Core/Src/stm32f0xx_hal_msp.o
                                      0x4160a (size before relaxing)
 .debug_str     0x0000000000046d2c       0xff Core/Src/stm32f0xx_it.o
                                      0x411ff (size before relaxing)
 .debug_str     0x0000000000046e2b       0x5f Core/Src/system_stm32f0xx.o
                                      0x40ace (size before relaxing)
 .debug_str     0x0000000000046e8a      0x2e2 Core/Src/w25qxx.o
                                      0x4579d (size before relaxing)
 .debug_str     0x000000000004716c       0x36 Core/Startup/startup_stm32f030c8tx.o
                                         0x76 (size before relaxing)
 .debug_str     0x00000000000471a2      0x37b Drivers/STM32F0xx_HAL_Driver/Src/stm32f0xx_hal.o
                                      0x41002 (size before relaxing)
 .debug_str     0x000000000004751d      0x18d Drivers/STM32F0xx_HAL_Driver/Src/stm32f0xx_hal_cortex.o
                                      0x40e8e (size before relaxing)
 .debug_str     0x00000000000476aa      0x228 Drivers/STM32F0xx_HAL_Driver/Src/stm32f0xx_hal_dma.o
                                      0x40eb2 (size before relaxing)
 .debug_str     0x00000000000478d2      0x178 Drivers/STM32F0xx_HAL_Driver/Src/stm32f0xx_hal_gpio.o
                                      0x40d6a (size before relaxing)
 .debug_str     0x0000000000047a4a      0x22e Drivers/STM32F0xx_HAL_Driver/Src/stm32f0xx_hal_rcc.o
                                      0x40eff (size before relaxing)
 .debug_str     0x0000000000047c78       0x97 Drivers/STM32F0xx_HAL_Driver/Src/stm32f0xx_hal_rcc_ex.o
                                      0x40c43 (size before relaxing)
 .debug_str     0x0000000000047d0f      0x4ef Drivers/STM32F0xx_HAL_Driver/Src/stm32f0xx_hal_spi.o
                                      0x4143d (size before relaxing)
 .debug_str     0x00000000000481fe      0x78c Drivers/STM32F0xx_HAL_Driver/Src/stm32f0xx_hal_uart.o
                                      0x4172c (size before relaxing)
 .debug_str     0x000000000004898a       0x32 FATFS/App/fatfs.o
                                      0x41647 (size before relaxing)
 .debug_str     0x00000000000489bc       0x5a FATFS/Target/user_diskio.o
                                      0x447cd (size before relaxing)
 .debug_str     0x0000000000048a16       0x52 Middlewares/Third_Party/FatFs/src/diskio.o
                                      0x41573 (size before relaxing)
 .debug_str     0x0000000000048a68      0xb73 Middlewares/Third_Party/FatFs/src/ff.o
                                      0x42378 (size before relaxing)
 .debug_str     0x00000000000495db       0x91 Middlewares/Third_Party/FatFs/src/ff_gen_drv.o
                                      0x415c4 (size before relaxing)

.comment        0x0000000000000000       0x53
 .comment       0x0000000000000000       0x53 Core/Src/ILI9488.o
                                         0x54 (size before relaxing)
 .comment       0x0000000000000053       0x54 Core/Src/TS_XPT2026.o
 .comment       0x0000000000000053       0x54 Core/Src/fatfs_sd.o
 .comment       0x0000000000000053       0x54 Core/Src/main.o
 .comment       0x0000000000000053       0x54 Core/Src/stm32f0xx_hal_msp.o
 .comment       0x0000000000000053       0x54 Core/Src/stm32f0xx_it.o
 .comment       0x0000000000000053       0x54 Core/Src/system_stm32f0xx.o
 .comment       0x0000000000000053       0x54 Core/Src/w25qxx.o
 .comment       0x0000000000000053       0x54 Drivers/STM32F0xx_HAL_Driver/Src/stm32f0xx_hal.o
 .comment       0x0000000000000053       0x54 Drivers/STM32F0xx_HAL_Driver/Src/stm32f0xx_hal_cortex.o
 .comment       0x0000000000000053       0x54 Drivers/STM32F0xx_HAL_Driver/Src/stm32f0xx_hal_dma.o
 .comment       0x0000000000000053       0x54 Drivers/STM32F0xx_HAL_Driver/Src/stm32f0xx_hal_gpio.o
 .comment       0x0000000000000053       0x54 Drivers/STM32F0xx_HAL_Driver/Src/stm32f0xx_hal_rcc.o
 .comment       0x0000000000000053       0x54 Drivers/STM32F0xx_HAL_Driver/Src/stm32f0xx_hal_rcc_ex.o
 .comment       0x0000000000000053       0x54 Drivers/STM32F0xx_HAL_Driver/Src/stm32f0xx_hal_spi.o
 .comment       0x0000000000000053       0x54 Drivers/STM32F0xx_HAL_Driver/Src/stm32f0xx_hal_uart.o
 .comment       0x0000000000000053       0x54 FATFS/App/fatfs.o
 .comment       0x0000000000000053       0x54 FATFS/Target/user_diskio.o
 .comment       0x0000000000000053       0x54 Middlewares/Third_Party/FatFs/src/diskio.o
 .comment       0x0000000000000053       0x54 Middlewares/Third_Party/FatFs/src/ff.o
 .comment       0x0000000000000053       0x54 Middlewares/Third_Party/FatFs/src/ff_gen_drv.o

.debug_frame    0x0000000000000000     0x2420
 .debug_frame   0x0000000000000000      0x164 Core/Src/ILI9488.o
 .debug_frame   0x0000000000000164       0x5c Core/Src/TS_XPT2026.o
 .debug_frame   0x00000000000001c0      0x180 Core/Src/fatfs_sd.o
 .debug_frame   0x0000000000000340       0xbc Core/Src/main.o
 .debug_frame   0x00000000000003fc       0x90 Core/Src/stm32f0xx_hal_msp.o
 .debug_frame   0x000000000000048c       0xc0 Core/Src/stm32f0xx_it.o
 .debug_frame   0x000000000000054c       0x38 Core/Src/system_stm32f0xx.o
 .debug_frame   0x0000000000000584      0x300 Core/Src/w25qxx.o
 .debug_frame   0x0000000000000884      0x1b0 Drivers/STM32F0xx_HAL_Driver/Src/stm32f0xx_hal.o
 .debug_frame   0x0000000000000a34       0xe4 Drivers/STM32F0xx_HAL_Driver/Src/stm32f0xx_hal_cortex.o
 .debug_frame   0x0000000000000b18      0x150 Drivers/STM32F0xx_HAL_Driver/Src/stm32f0xx_hal_dma.o
 .debug_frame   0x0000000000000c68       0xd4 Drivers/STM32F0xx_HAL_Driver/Src/stm32f0xx_hal_gpio.o
 .debug_frame   0x0000000000000d3c      0x14c Drivers/STM32F0xx_HAL_Driver/Src/stm32f0xx_hal_rcc.o
 .debug_frame   0x0000000000000e88       0x60 Drivers/STM32F0xx_HAL_Driver/Src/stm32f0xx_hal_rcc_ex.o
 .debug_frame   0x0000000000000ee8      0x560 Drivers/STM32F0xx_HAL_Driver/Src/stm32f0xx_hal_spi.o
 .debug_frame   0x0000000000001448      0x590 Drivers/STM32F0xx_HAL_Driver/Src/stm32f0xx_hal_uart.o
 .debug_frame   0x00000000000019d8       0x38 FATFS/App/fatfs.o
 .debug_frame   0x0000000000001a10       0x88 FATFS/Target/user_diskio.o
 .debug_frame   0x0000000000001a98       0xa0 Middlewares/Third_Party/FatFs/src/diskio.o
 .debug_frame   0x0000000000001b38      0x61c Middlewares/Third_Party/FatFs/src/ff.o
 .debug_frame   0x0000000000002154       0x84 Middlewares/Third_Party/FatFs/src/ff_gen_drv.o
 .debug_frame   0x00000000000021d8       0x2c c:/st/stm32cubeide_1.5.1/stm32cubeide/plugins/com.st.stm32cube.ide.mcu.externaltools.gnu-tools-for-stm32.9-2020-q2-update.win32_1.5.0.202011040924/tools/bin/../lib/gcc/arm-none-eabi/9.3.1/../../../../arm-none-eabi/lib/thumb/v6-m/nofp\libc_nano.a(lib_a-init.o)
 .debug_frame   0x0000000000002204       0x20 c:/st/stm32cubeide_1.5.1/stm32cubeide/plugins/com.st.stm32cube.ide.mcu.externaltools.gnu-tools-for-stm32.9-2020-q2-update.win32_1.5.0.202011040924/tools/bin/../lib/gcc/arm-none-eabi/9.3.1/../../../../arm-none-eabi/lib/thumb/v6-m/nofp\libc_nano.a(lib_a-memset.o)
 .debug_frame   0x0000000000002224       0x20 c:/st/stm32cubeide_1.5.1/stm32cubeide/plugins/com.st.stm32cube.ide.mcu.externaltools.gnu-tools-for-stm32.9-2020-q2-update.win32_1.5.0.202011040924/tools/bin/../lib/gcc/arm-none-eabi/9.3.1/thumb/v6-m/nofp\libgcc.a(_udivsi3.o)
 .debug_frame   0x0000000000002244       0x2c c:/st/stm32cubeide_1.5.1/stm32cubeide/plugins/com.st.stm32cube.ide.mcu.externaltools.gnu-tools-for-stm32.9-2020-q2-update.win32_1.5.0.202011040924/tools/bin/../lib/gcc/arm-none-eabi/9.3.1/thumb/v6-m/nofp\libgcc.a(_fixunsdfsi.o)
 .debug_frame   0x0000000000002270       0x38 c:/st/stm32cubeide_1.5.1/stm32cubeide/plugins/com.st.stm32cube.ide.mcu.externaltools.gnu-tools-for-stm32.9-2020-q2-update.win32_1.5.0.202011040924/tools/bin/../lib/gcc/arm-none-eabi/9.3.1/thumb/v6-m/nofp\libgcc.a(adddf3.o)
 .debug_frame   0x00000000000022a8       0x3c c:/st/stm32cubeide_1.5.1/stm32cubeide/plugins/com.st.stm32cube.ide.mcu.externaltools.gnu-tools-for-stm32.9-2020-q2-update.win32_1.5.0.202011040924/tools/bin/../lib/gcc/arm-none-eabi/9.3.1/thumb/v6-m/nofp\libgcc.a(muldf3.o)
 .debug_frame   0x00000000000022e4       0x3c c:/st/stm32cubeide_1.5.1/stm32cubeide/plugins/com.st.stm32cube.ide.mcu.externaltools.gnu-tools-for-stm32.9-2020-q2-update.win32_1.5.0.202011040924/tools/bin/../lib/gcc/arm-none-eabi/9.3.1/thumb/v6-m/nofp\libgcc.a(subdf3.o)
 .debug_frame   0x0000000000002320       0x2c c:/st/stm32cubeide_1.5.1/stm32cubeide/plugins/com.st.stm32cube.ide.mcu.externaltools.gnu-tools-for-stm32.9-2020-q2-update.win32_1.5.0.202011040924/tools/bin/../lib/gcc/arm-none-eabi/9.3.1/thumb/v6-m/nofp\libgcc.a(fixdfsi.o)
 .debug_frame   0x000000000000234c       0x2c c:/st/stm32cubeide_1.5.1/stm32cubeide/plugins/com.st.stm32cube.ide.mcu.externaltools.gnu-tools-for-stm32.9-2020-q2-update.win32_1.5.0.202011040924/tools/bin/../lib/gcc/arm-none-eabi/9.3.1/thumb/v6-m/nofp\libgcc.a(floatsidf.o)
 .debug_frame   0x0000000000002378       0x38 c:/st/stm32cubeide_1.5.1/stm32cubeide/plugins/com.st.stm32cube.ide.mcu.externaltools.gnu-tools-for-stm32.9-2020-q2-update.win32_1.5.0.202011040924/tools/bin/../lib/gcc/arm-none-eabi/9.3.1/thumb/v6-m/nofp\libgcc.a(eqdf2.o)
 .debug_frame   0x00000000000023b0       0x38 c:/st/stm32cubeide_1.5.1/stm32cubeide/plugins/com.st.stm32cube.ide.mcu.externaltools.gnu-tools-for-stm32.9-2020-q2-update.win32_1.5.0.202011040924/tools/bin/../lib/gcc/arm-none-eabi/9.3.1/thumb/v6-m/nofp\libgcc.a(gedf2.o)
 .debug_frame   0x00000000000023e8       0x38 c:/st/stm32cubeide_1.5.1/stm32cubeide/plugins/com.st.stm32cube.ide.mcu.externaltools.gnu-tools-for-stm32.9-2020-q2-update.win32_1.5.0.202011040924/tools/bin/../lib/gcc/arm-none-eabi/9.3.1/thumb/v6-m/nofp\libgcc.a(ledf2.o)
