ff.c:1773:6:get_fileinfo.isra.0	8	static
ff.c:802:9:move_window.part.0	32	static
ff.c:891:7:get_fat.part.0	24	static
ff.c:2658:9:f_read.part.0	48	static
ff.c:1589:9:dir_read.constprop	40	static
ff.c:946:9:put_fat.part.0	32	static
ff.c:833:9:sync_fs	24	static
ff.c:2248:6:check_fs	24	static
ff.c:2276:9:find_volume	48	static
ff.c:1063:7:create_chain	48	static
ff.c:2759:9:f_write.part.0	48	static
ff.c:4544:6:putc_bfd	32	static
ff.c:1153:9:dir_sdi	48	static
ff.c:2125:9:follow_path	40	static
ff.c:1010:9:remove_chain.part.0	40	static
ff.c:1648:9:dir_register	56	static
ff.c:873:7:clust2sect	0	static
ff.c:891:7:get_fat	24	static
ff.c:946:9:put_fat	32	static
ff.c:2475:9:f_mount	16	static
ff.c:2522:9:f_open	616	static
ff.c:2658:9:f_read	24	static
ff.c:2759:9:f_write	24	static
ff.c:2881:9:f_sync	24	static
ff.c:2930:9:f_close	24	static
ff.c:3102:9:f_lseek	48	static
ff.c:3260:9:f_opendir	48	static
ff.c:3316:9:f_closedir	24	static
ff.c:3348:9:f_readdir	48	static
ff.c:3442:9:f_stat	584	static
ff.c:3477:9:f_getfree	48	static
ff.c:3544:9:f_truncate	24	static
ff.c:3600:9:f_unlink	1128	static
ff.c:3669:9:f_mkdir	648	static
ff.c:3743:9:f_chmod	584	static
ff.c:3786:9:f_rename	1152	static
ff.c:3864:9:f_utime	584	static
ff.c:4457:8:f_gets	56	static
ff.c:4599:5:f_putc	104	static
ff.c:4626:5:f_puts	120	static
ff.c:4654:5:f_printf	156	static
