w25qxx.c:31:9:W25qxx_Spi	32	static
w25qxx.c:38:10:W25qxx_ReadID	48	static
w25qxx.c:51:6:W25qxx_ReadUniqID	48	static
w25qxx.c:62:6:W25qxx_WriteEnable	24	static
w25qxx.c:70:6:W25qxx_WriteDisable	24	static
w25qxx.c:78:9:W25qxx_ReadStatusRegister	32	static
w25qxx.c:104:6:W25qxx_WriteStatusRegister	40	static
w25qxx.c:126:6:W25qxx_WaitForWriteEnd	48	static
w25qxx.c:140:6:W25qxx_Init	40	static
w25qxx.c:262:6:W25qxx_EraseChip	40	static
w25qxx.c:283:6:W25qxx_EraseSector	40	static
w25qxx.c:311:6:W25qxx_EraseBlock	40	static
w25qxx.c:341:10:W25qxx_PageToSector	8	static
w25qxx.c:346:10:W25qxx_PageToBlock	8	static
w25qxx.c:351:10:W25qxx_SectorToBlock	8	static
w25qxx.c:356:10:W25qxx_SectorToPage	8	static
w25qxx.c:361:10:W25qxx_BlockToPage	8	static
w25qxx.c:576:6:W25qxx_WriteByte	48	static
w25qxx.c:603:7:W25qxx_WritePage	56	static
w25qxx.c:755:6:W25qxx_ReadBytes	64	static
w25qxx.c:785:6:W25qxx_ReadBytes_BULENT	48	static
w25qxx.c:846:7:W25qxx_ReadPage	48	static
